Command line invocation:
    /Applications/Xcode.app/Contents/Developer/usr/bin/xcodebuild -project poni.xcodeproj -scheme poni -destination "platform=iOS Simulator,name=iPhone 16" build

--- xcodebuild: WARNING: Using the first of multiple matching destinations:
{ platform:iOS Simulator, arch:arm64, id:2AF45755-318F-48B6-8449-018E23D01D8A, OS:18.5, name:iPhone 16 }
{ platform:iOS Simulator, arch:x86_64, id:2AF45755-318F-48B6-8449-018E23D01D8A, OS:18.5, name:iPhone 16 }
ComputePackagePrebuildTargetDependencyGraph

Prepare packages

CreateBuildRequest

SendProjectDescription

CreateBuildOperation

ComputeTargetDependencyGraph
note: Building targets in dependency order
note: Target dependency graph (1 target)
    Target 'poni' in project 'poni' (no dependencies)

GatherProvisioningInputs

CreateBuildDescription

ExecuteExternalTool /Applications/Xcode.app/Contents/Developer/Toolchains/XcodeDefault.xctoolchain/usr/bin/clang -v -E -dM -isysroot /Applications/Xcode.app/Contents/Developer/Platforms/iPhoneSimulator.platform/Developer/SDKs/iPhoneSimulator18.5.sdk -x c -c /dev/null

ExecuteExternalTool /Applications/Xcode.app/Contents/Developer/usr/bin/actool --print-asset-tag-combinations --output-format xml1 /Users/chalizardking/Desktop/ponini/poponi/poni/Assets.xcassets

ExecuteExternalTool /Applications/Xcode.app/Contents/Developer/usr/bin/actool --version --output-format xml1

ExecuteExternalTool /Applications/Xcode.app/Contents/Developer/Toolchains/XcodeDefault.xctoolchain/usr/bin/swiftc --version

ExecuteExternalTool /Applications/Xcode.app/Contents/Developer/Toolchains/XcodeDefault.xctoolchain/usr/bin/ld -version_details

Build description signature: 52627b6ca804171efec06f5c34fb2e04
Build description path: /Users/chalizardking/Library/Developer/Xcode/DerivedData/poni-akslzhmljifjeiaguhyradqogade/Build/Intermediates.noindex/XCBuildData/52627b6ca804171efec06f5c34fb2e04.xcbuilddata
ClangStatCache /Applications/Xcode.app/Contents/Developer/Toolchains/XcodeDefault.xctoolchain/usr/bin/clang-stat-cache /Applications/Xcode.app/Contents/Developer/Platforms/iPhoneSimulator.platform/Developer/SDKs/iPhoneSimulator18.5.sdk /Users/chalizardking/Library/Developer/Xcode/DerivedData/SDKStatCaches.noindex/iphonesimulator18.5-22F76-d5fc8ad4295d2ef488fb7d0f804ce0c4.sdkstatcache
    cd /Users/chalizardking/Desktop/ponini/poponi/poni.xcodeproj
    /Applications/Xcode.app/Contents/Developer/Toolchains/XcodeDefault.xctoolchain/usr/bin/clang-stat-cache /Applications/Xcode.app/Contents/Developer/Platforms/iPhoneSimulator.platform/Developer/SDKs/iPhoneSimulator18.5.sdk -o /Users/chalizardking/Library/Developer/Xcode/DerivedData/SDKStatCaches.noindex/iphonesimulator18.5-22F76-d5fc8ad4295d2ef488fb7d0f804ce0c4.sdkstatcache

WriteAuxiliaryFile /Users/chalizardking/Library/Developer/Xcode/DerivedData/poni-akslzhmljifjeiaguhyradqogade/Build/Intermediates.noindex/poni.build/Debug-iphonesimulator/poni.build/Objects-normal/arm64/poni.SwiftFileList (in target 'poni' from project 'poni')
    cd /Users/chalizardking/Desktop/ponini/poponi
    write-file /Users/chalizardking/Library/Developer/Xcode/DerivedData/poni-akslzhmljifjeiaguhyradqogade/Build/Intermediates.noindex/poni.build/Debug-iphonesimulator/poni.build/Objects-normal/arm64/poni.SwiftFileList

WriteAuxiliaryFile /Users/chalizardking/Library/Developer/Xcode/DerivedData/poni-akslzhmljifjeiaguhyradqogade/Build/Intermediates.noindex/poni.build/Debug-iphonesimulator/poni.build/Objects-normal/arm64/poni.SwiftConstValuesFileList (in target 'poni' from project 'poni')
    cd /Users/chalizardking/Desktop/ponini/poponi
    write-file /Users/chalizardking/Library/Developer/Xcode/DerivedData/poni-akslzhmljifjeiaguhyradqogade/Build/Intermediates.noindex/poni.build/Debug-iphonesimulator/poni.build/Objects-normal/arm64/poni.SwiftConstValuesFileList

WriteAuxiliaryFile /Users/chalizardking/Library/Developer/Xcode/DerivedData/poni-akslzhmljifjeiaguhyradqogade/Build/Intermediates.noindex/poni.build/Debug-iphonesimulator/poni.build/Objects-normal/arm64/poni.LinkFileList (in target 'poni' from project 'poni')
    cd /Users/chalizardking/Desktop/ponini/poponi
    write-file /Users/chalizardking/Library/Developer/Xcode/DerivedData/poni-akslzhmljifjeiaguhyradqogade/Build/Intermediates.noindex/poni.build/Debug-iphonesimulator/poni.build/Objects-normal/arm64/poni.LinkFileList

ProcessInfoPlistFile /Users/chalizardking/Library/Developer/Xcode/DerivedData/poni-akslzhmljifjeiaguhyradqogade/Build/Products/Debug-iphonesimulator/poni.app/Info.plist /Users/chalizardking/Desktop/ponini/poponi/poni/Info.plist (in target 'poni' from project 'poni')
    cd /Users/chalizardking/Desktop/ponini/poponi
    builtin-infoPlistUtility /Users/chalizardking/Desktop/ponini/poponi/poni/Info.plist -producttype com.apple.product-type.application -genpkginfo /Users/chalizardking/Library/Developer/Xcode/DerivedData/poni-akslzhmljifjeiaguhyradqogade/Build/Products/Debug-iphonesimulator/poni.app/PkgInfo -expandbuildsettings -format binary -platform iphonesimulator -additionalcontentfile /Users/chalizardking/Library/Developer/Xcode/DerivedData/poni-akslzhmljifjeiaguhyradqogade/Build/Intermediates.noindex/poni.build/Debug-iphonesimulator/poni.build/assetcatalog_generated_info.plist -o /Users/chalizardking/Library/Developer/Xcode/DerivedData/poni-akslzhmljifjeiaguhyradqogade/Build/Products/Debug-iphonesimulator/poni.app/Info.plist

SwiftDriver poni normal arm64 com.apple.xcode.tools.swift.compiler (in target 'poni' from project 'poni')
    cd /Users/chalizardking/Desktop/ponini/poponi
    builtin-SwiftDriver -- /Applications/Xcode.app/Contents/Developer/Toolchains/XcodeDefault.xctoolchain/usr/bin/swiftc -module-name poni -Onone -enforce-exclusivity\=checked @/Users/chalizardking/Library/Developer/Xcode/DerivedData/poni-akslzhmljifjeiaguhyradqogade/Build/Intermediates.noindex/poni.build/Debug-iphonesimulator/poni.build/Objects-normal/arm64/poni.SwiftFileList -DDEBUG -enable-bare-slash-regex -enable-experimental-feature DebugDescriptionMacro -sdk /Applications/Xcode.app/Contents/Developer/Platforms/iPhoneSimulator.platform/Developer/SDKs/iPhoneSimulator18.5.sdk -target arm64-apple-ios18.5-simulator -g -module-cache-path /Users/chalizardking/Library/Developer/Xcode/DerivedData/ModuleCache.noindex -Xfrontend -serialize-debugging-options -profile-coverage-mapping -profile-generate -enable-testing -index-store-path /Users/chalizardking/Library/Developer/Xcode/DerivedData/poni-akslzhmljifjeiaguhyradqogade/Index.noindex/DataStore -swift-version 5 -I /Users/chalizardking/Library/Developer/Xcode/DerivedData/poni-akslzhmljifjeiaguhyradqogade/Build/Products/Debug-iphonesimulator -F /Users/chalizardking/Library/Developer/Xcode/DerivedData/poni-akslzhmljifjeiaguhyradqogade/Build/Products/Debug-iphonesimulator -emit-localized-strings -emit-localized-strings-path /Users/chalizardking/Library/Developer/Xcode/DerivedData/poni-akslzhmljifjeiaguhyradqogade/Build/Intermediates.noindex/poni.build/Debug-iphonesimulator/poni.build/Objects-normal/arm64 -c -j12 -enable-batch-mode -incremental -Xcc -ivfsstatcache -Xcc /Users/chalizardking/Library/Developer/Xcode/DerivedData/SDKStatCaches.noindex/iphonesimulator18.5-22F76-d5fc8ad4295d2ef488fb7d0f804ce0c4.sdkstatcache -output-file-map /Users/chalizardking/Library/Developer/Xcode/DerivedData/poni-akslzhmljifjeiaguhyradqogade/Build/Intermediates.noindex/poni.build/Debug-iphonesimulator/poni.build/Objects-normal/arm64/poni-OutputFileMap.json -use-frontend-parseable-output -save-temps -no-color-diagnostics -serialize-diagnostics -emit-dependencies -emit-module -emit-module-path /Users/chalizardking/Library/Developer/Xcode/DerivedData/poni-akslzhmljifjeiaguhyradqogade/Build/Intermediates.noindex/poni.build/Debug-iphonesimulator/poni.build/Objects-normal/arm64/poni.swiftmodule -validate-clang-modules-once -clang-build-session-file /Users/chalizardking/Library/Developer/Xcode/DerivedData/ModuleCache.noindex/Session.modulevalidation -Xcc -I/Users/chalizardking/Library/Developer/Xcode/DerivedData/poni-akslzhmljifjeiaguhyradqogade/Build/Intermediates.noindex/poni.build/Debug-iphonesimulator/poni.build/swift-overrides.hmap -emit-const-values -Xfrontend -const-gather-protocols-file -Xfrontend /Users/chalizardking/Library/Developer/Xcode/DerivedData/poni-akslzhmljifjeiaguhyradqogade/Build/Intermediates.noindex/poni.build/Debug-iphonesimulator/poni.build/Objects-normal/arm64/poni_const_extract_protocols.json -Xcc -iquote -Xcc /Users/chalizardking/Library/Developer/Xcode/DerivedData/poni-akslzhmljifjeiaguhyradqogade/Build/Intermediates.noindex/poni.build/Debug-iphonesimulator/poni.build/poni-generated-files.hmap -Xcc -I/Users/chalizardking/Library/Developer/Xcode/DerivedData/poni-akslzhmljifjeiaguhyradqogade/Build/Intermediates.noindex/poni.build/Debug-iphonesimulator/poni.build/poni-own-target-headers.hmap -Xcc -I/Users/chalizardking/Library/Developer/Xcode/DerivedData/poni-akslzhmljifjeiaguhyradqogade/Build/Intermediates.noindex/poni.build/Debug-iphonesimulator/poni.build/poni-all-target-headers.hmap -Xcc -iquote -Xcc /Users/chalizardking/Library/Developer/Xcode/DerivedData/poni-akslzhmljifjeiaguhyradqogade/Build/Intermediates.noindex/poni.build/Debug-iphonesimulator/poni.build/poni-project-headers.hmap -Xcc -I/Users/chalizardking/Library/Developer/Xcode/DerivedData/poni-akslzhmljifjeiaguhyradqogade/Build/Products/Debug-iphonesimulator/include -Xcc -I/Users/chalizardking/Library/Developer/Xcode/DerivedData/poni-akslzhmljifjeiaguhyradqogade/Build/Intermediates.noindex/poni.build/Debug-iphonesimulator/poni.build/DerivedSources-normal/arm64 -Xcc -I/Users/chalizardking/Library/Developer/Xcode/DerivedData/poni-akslzhmljifjeiaguhyradqogade/Build/Intermediates.noindex/poni.build/Debug-iphonesimulator/poni.build/DerivedSources/arm64 -Xcc -I/Users/chalizardking/Library/Developer/Xcode/DerivedData/poni-akslzhmljifjeiaguhyradqogade/Build/Intermediates.noindex/poni.build/Debug-iphonesimulator/poni.build/DerivedSources -Xcc -DDEBUG\=1 -emit-objc-header -emit-objc-header-path /Users/chalizardking/Library/Developer/Xcode/DerivedData/poni-akslzhmljifjeiaguhyradqogade/Build/Intermediates.noindex/poni.build/Debug-iphonesimulator/poni.build/Objects-normal/arm64/poni-Swift.h -working-directory /Users/chalizardking/Desktop/ponini/poponi -experimental-emit-module-separately -disable-cmo

SwiftCompile normal arm64 Compiling\ APIUsageExamples.swift,\ APITestingService.swift /Users/chalizardking/Desktop/ponini/poponi/poni/APIUsageExamples.swift /Users/chalizardking/Desktop/ponini/poponi/poni/APITestingService.swift (in target 'poni' from project 'poni')

SwiftCompile normal arm64 /Users/chalizardking/Desktop/ponini/poponi/poni/APIUsageExamples.swift (in target 'poni' from project 'poni')
    cd /Users/chalizardking/Desktop/ponini/poponi
    
/Users/chalizardking/Desktop/ponini/poponi/poni/APIUsageExamples.swift:172:46: error: value of type 'DataMappingService' has no member 'mapAPIJockeyStatsToROI'
                let roiData = mappingService.mapAPIJockeyStatsToROI(stats)
                              ~~~~~~~~~~~~~~ ^~~~~~~~~~~~~~~~~~~~~~
/Users/chalizardking/Desktop/ponini/poponi/poni/APIUsageExamples.swift:202:46: error: value of type 'DataMappingService' has no member 'mapAPITrainerStatsToROI'
                let roiData = mappingService.mapAPITrainerStatsToROI(stats)
                              ~~~~~~~~~~~~~~ ^~~~~~~~~~~~~~~~~~~~~~~

SwiftCompile normal arm64 /Users/chalizardking/Desktop/ponini/poponi/poni/APITestingService.swift (in target 'poni' from project 'poni')
    cd /Users/chalizardking/Desktop/ponini/poponi
    
/Users/chalizardking/Desktop/ponini/poponi/poni/APITestingService.swift:49:36: error: cannot find 'testROIMapping' in scope
            ("Data Mapping - ROI", testROIMapping),
                                   ^~~~~~~~~~~~~~
/Users/chalizardking/Desktop/ponini/poponi/poni/APITestingService.swift:84:27: warning: no 'async' operations occur within 'await' expression
        let validResult = await dataSourceManager.configureAPIKey(validKey)
                          ^
/Users/chalizardking/Desktop/ponini/poponi/poni/APITestingService.swift:411:40: error: value of type 'DataMappingService' has no member 'mapAPIHorseToHorse'
            let horse = mappingService.mapAPIHorseToHorse(apiHorse, with: results)
                        ~~~~~~~~~~~~~~ ^~~~~~~~~~~~~~~~~~
/Users/chalizardking/Desktop/ponini/poponi/poni/APITestingService.swift:456:39: error: value of type 'DataMappingService' has no member 'mapAPIRaceToRace'
            let race = mappingService.mapAPIRaceToRace(apiRace)
                       ~~~~~~~~~~~~~~ ^~~~~~~~~~~~~~~~
/Users/chalizardking/Desktop/ponini/poponi/poni/APITestingService.swift:562:47: error: type 'DateFormatter' has no member 'displayDate'
        report += "Generated: \(DateFormatter.displayDate.string(from: Date()))\n\n"
                                ~~~~~~~~~~~~~ ^~~~~~~~~~~

Failed frontend command:
/Applications/Xcode.app/Contents/Developer/Toolchains/XcodeDefault.xctoolchain/usr/bin/swift-frontend -frontend -c /Users/chalizardking/Desktop/ponini/poponi/poni/AppearanceManager.swift /Users/chalizardking/Desktop/ponini/poponi/poni/poniApp.swift /Users/chalizardking/Desktop/ponini/poponi/poni/APITestingView.swift /Users/chalizardking/Desktop/ponini/poponi/poni/OnboardingView.swift /Users/chalizardking/Desktop/ponini/poponi/poni/HorseRacingView.swift /Users/chalizardking/Desktop/ponini/poponi/poni/HorseDetailView.swift /Users/chalizardking/Desktop/ponini/poponi/poni/DataStructures.swift /Users/chalizardking/Desktop/ponini/poponi/poni/DataMappingService.swift /Users/chalizardking/Desktop/ponini/poponi/poni/RealDataService.swift /Users/chalizardking/Desktop/ponini/poponi/poni/RaceAnalysisView.swift -primary-file /Users/chalizardking/Desktop/ponini/poponi/poni/APIUsageExamples.swift -primary-file /Users/chalizardking/Desktop/ponini/poponi/poni/APITestingService.swift /Users/chalizardking/Desktop/ponini/poponi/poni/HorseRacingDataService.swift /Users/chalizardking/Desktop/ponini/poponi/poni/Views/RaceDetailView.swift /Users/chalizardking/Desktop/ponini/poponi/poni/Horse.swift /Users/chalizardking/Desktop/ponini/poponi/poni/DataSourceManager.swift /Users/chalizardking/Desktop/ponini/poponi/poni/SettingsView.swift /Users/chalizardking/Desktop/ponini/poponi/poni/ContentView.swift /Users/chalizardking/Desktop/ponini/poponi/poni/Racing.swift /Users/chalizardking/Library/Developer/Xcode/DerivedData/poni-akslzhmljifjeiaguhyradqogade/Build/Intermediates.noindex/poni.build/Debug-iphonesimulator/poni.build/DerivedSources/GeneratedAssetSymbols.swift -emit-dependencies-path /Users/chalizardking/Library/Developer/Xcode/DerivedData/poni-akslzhmljifjeiaguhyradqogade/Build/Intermediates.noindex/poni.build/Debug-iphonesimulator/poni.build/Objects-normal/arm64/APIUsageExamples.d -emit-const-values-path /Users/chalizardking/Library/Developer/Xcode/DerivedData/poni-akslzhmljifjeiaguhyradqogade/Build/Intermediates.noindex/poni.build/Debug-iphonesimulator/poni.build/Objects-normal/arm64/APIUsageExamples.swiftconstvalues -emit-reference-dependencies-path /Users/chalizardking/Library/Developer/Xcode/DerivedData/poni-akslzhmljifjeiaguhyradqogade/Build/Intermediates.noindex/poni.build/Debug-iphonesimulator/poni.build/Objects-normal/arm64/APIUsageExamples.swiftdeps -serialize-diagnostics-path /Users/chalizardking/Library/Developer/Xcode/DerivedData/poni-akslzhmljifjeiaguhyradqogade/Build/Intermediates.noindex/poni.build/Debug-iphonesimulator/poni.build/Objects-normal/arm64/APIUsageExamples.dia -emit-dependencies-path /Users/chalizardking/Library/Developer/Xcode/DerivedData/poni-akslzhmljifjeiaguhyradqogade/Build/Intermediates.noindex/poni.build/Debug-iphonesimulator/poni.build/Objects-normal/arm64/APITestingService.d -emit-const-values-path /Users/chalizardking/Library/Developer/Xcode/DerivedData/poni-akslzhmljifjeiaguhyradqogade/Build/Intermediates.noindex/poni.build/Debug-iphonesimulator/poni.build/Objects-normal/arm64/APITestingService.swiftconstvalues -emit-reference-dependencies-path /Users/chalizardking/Library/Developer/Xcode/DerivedData/poni-akslzhmljifjeiaguhyradqogade/Build/Intermediates.noindex/poni.build/Debug-iphonesimulator/poni.build/Objects-normal/arm64/APITestingService.swiftdeps -serialize-diagnostics-path /Users/chalizardking/Library/Developer/Xcode/DerivedData/poni-akslzhmljifjeiaguhyradqogade/Build/Intermediates.noindex/poni.build/Debug-iphonesimulator/poni.build/Objects-normal/arm64/APITestingService.dia -emit-localized-strings -emit-localized-strings-path /Users/chalizardking/Library/Developer/Xcode/DerivedData/poni-akslzhmljifjeiaguhyradqogade/Build/Intermediates.noindex/poni.build/Debug-iphonesimulator/poni.build/Objects-normal/arm64 -target arm64-apple-ios18.5-simulator -Xllvm -aarch64-use-tbi -enable-objc-interop -sdk /Applications/Xcode.app/Contents/Developer/Platforms/iPhoneSimulator.platform/Developer/SDKs/iPhoneSimulator18.5.sdk -I /Users/chalizardking/Library/Developer/Xcode/DerivedData/poni-akslzhmljifjeiaguhyradqogade/Build/Products/Debug-iphonesimulator -F /Users/chalizardking/Library/Developer/Xcode/DerivedData/poni-akslzhmljifjeiaguhyradqogade/Build/Products/Debug-iphonesimulator -no-color-diagnostics -enable-testing -g -debug-info-format\=dwarf -dwarf-version\=5 -module-cache-path /Users/chalizardking/Library/Developer/Xcode/DerivedData/ModuleCache.noindex -profile-generate -profile-coverage-mapping -swift-version 5 -enforce-exclusivity\=checked -Onone -D DEBUG -serialize-debugging-options -const-gather-protocols-file /Users/chalizardking/Library/Developer/Xcode/DerivedData/poni-akslzhmljifjeiaguhyradqogade/Build/Intermediates.noindex/poni.build/Debug-iphonesimulator/poni.build/Objects-normal/arm64/poni_const_extract_protocols.json -enable-experimental-feature DebugDescriptionMacro -enable-bare-slash-regex -empty-abi-descriptor -validate-clang-modules-once -clang-build-session-file /Users/chalizardking/Library/Developer/Xcode/DerivedData/ModuleCache.noindex/Session.modulevalidation -Xcc -working-directory -Xcc /Users/chalizardking/Desktop/ponini/poponi -resource-dir /Applications/Xcode.app/Contents/Developer/Toolchains/XcodeDefault.xctoolchain/usr/lib/swift -enable-anonymous-context-mangled-names -file-compilation-dir /Users/chalizardking/Desktop/ponini/poponi -Xcc -ivfsstatcache -Xcc /Users/chalizardking/Library/Developer/Xcode/DerivedData/SDKStatCaches.noindex/iphonesimulator18.5-22F76-d5fc8ad4295d2ef488fb7d0f804ce0c4.sdkstatcache -Xcc -I/Users/chalizardking/Library/Developer/Xcode/DerivedData/poni-akslzhmljifjeiaguhyradqogade/Build/Intermediates.noindex/poni.build/Debug-iphonesimulator/poni.build/swift-overrides.hmap -Xcc -iquote -Xcc /Users/chalizardking/Library/Developer/Xcode/DerivedData/poni-akslzhmljifjeiaguhyradqogade/Build/Intermediates.noindex/poni.build/Debug-iphonesimulator/poni.build/poni-generated-files.hmap -Xcc -I/Users/chalizardking/Library/Developer/Xcode/DerivedData/poni-akslzhmljifjeiaguhyradqogade/Build/Intermediates.noindex/poni.build/Debug-iphonesimulator/poni.build/poni-own-target-headers.hmap -Xcc -I/Users/chalizardking/Library/Developer/Xcode/DerivedData/poni-akslzhmljifjeiaguhyradqogade/Build/Intermediates.noindex/poni.build/Debug-iphonesimulator/poni.build/poni-all-target-headers.hmap -Xcc -iquote -Xcc /Users/chalizardking/Library/Developer/Xcode/DerivedData/poni-akslzhmljifjeiaguhyradqogade/Build/Intermediates.noindex/poni.build/Debug-iphonesimulator/poni.build/poni-project-headers.hmap -Xcc -I/Users/chalizardking/Library/Developer/Xcode/DerivedData/poni-akslzhmljifjeiaguhyradqogade/Build/Products/Debug-iphonesimulator/include -Xcc -I/Users/chalizardking/Library/Developer/Xcode/DerivedData/poni-akslzhmljifjeiaguhyradqogade/Build/Intermediates.noindex/poni.build/Debug-iphonesimulator/poni.build/DerivedSources-normal/arm64 -Xcc -I/Users/chalizardking/Library/Developer/Xcode/DerivedData/poni-akslzhmljifjeiaguhyradqogade/Build/Intermediates.noindex/poni.build/Debug-iphonesimulator/poni.build/DerivedSources/arm64 -Xcc -I/Users/chalizardking/Library/Developer/Xcode/DerivedData/poni-akslzhmljifjeiaguhyradqogade/Build/Intermediates.noindex/poni.build/Debug-iphonesimulator/poni.build/DerivedSources -Xcc -DDEBUG\=1 -module-name poni -frontend-parseable-output -disable-clang-spi -target-sdk-version 18.5 -target-sdk-name iphonesimulator18.5 -external-plugin-path /Applications/Xcode.app/Contents/Developer/Platforms/iPhoneOS.platform/Developer/usr/lib/swift/host/plugins\#/Applications/Xcode.app/Contents/Developer/Platforms/iPhoneOS.platform/Developer/usr/bin/swift-plugin-server -external-plugin-path /Applications/Xcode.app/Contents/Developer/Platforms/iPhoneOS.platform/Developer/usr/local/lib/swift/host/plugins\#/Applications/Xcode.app/Contents/Developer/Platforms/iPhoneOS.platform/Developer/usr/bin/swift-plugin-server -in-process-plugin-server-path /Applications/Xcode.app/Contents/Developer/Toolchains/XcodeDefault.xctoolchain/usr/lib/swift/host/libSwiftInProcPluginServer.dylib -plugin-path /Applications/Xcode.app/Contents/Developer/Toolchains/XcodeDefault.xctoolchain/usr/lib/swift/host/plugins -plugin-path /Applications/Xcode.app/Contents/Developer/Toolchains/XcodeDefault.xctoolchain/usr/local/lib/swift/host/plugins -o /Users/chalizardking/Library/Developer/Xcode/DerivedData/poni-akslzhmljifjeiaguhyradqogade/Build/Intermediates.noindex/poni.build/Debug-iphonesimulator/poni.build/Objects-normal/arm64/APIUsageExamples.o -o /Users/chalizardking/Library/Developer/Xcode/DerivedData/poni-akslzhmljifjeiaguhyradqogade/Build/Intermediates.noindex/poni.build/Debug-iphonesimulator/poni.build/Objects-normal/arm64/APITestingService.o -index-unit-output-path /poni.build/Debug-iphonesimulator/poni.build/Objects-normal/arm64/APIUsageExamples.o -index-unit-output-path /poni.build/Debug-iphonesimulator/poni.build/Objects-normal/arm64/APITestingService.o -index-store-path /Users/chalizardking/Library/Developer/Xcode/DerivedData/poni-akslzhmljifjeiaguhyradqogade/Index.noindex/DataStore -index-system-modules
SwiftCompile normal arm64 Compiling\ Horse.swift /Users/chalizardking/Desktop/ponini/poponi/poni/Horse.swift (in target 'poni' from project 'poni')
SwiftCompile normal arm64 /Users/chalizardking/Desktop/ponini/poponi/poni/Horse.swift (in target 'poni' from project 'poni')
    cd /Users/chalizardking/Desktop/ponini/poponi
    

SwiftCompile normal arm64 Compiling\ HorseRacingView.swift,\ HorseDetailView.swift /Users/chalizardking/Desktop/ponini/poponi/poni/HorseRacingView.swift /Users/chalizardking/Desktop/ponini/poponi/poni/HorseDetailView.swift (in target 'poni' from project 'poni')
SwiftCompile normal arm64 /Users/chalizardking/Desktop/ponini/poponi/poni/HorseRacingView.swift (in target 'poni' from project 'poni')
    cd /Users/chalizardking/Desktop/ponini/poponi
    
/Users/chalizardking/Desktop/ponini/poponi/poni/ContentView.swift:242:97: error: cannot find 'Item' in scope
        .modelContainer(for: [Horse.self, Jockey.self, Trainer.self, Race.self, RaceEntry.self, Item.self], inMemory: true)
                                                                                                ^~~~
/Users/chalizardking/Desktop/ponini/poponi/poni/HorseRacingView.swift:82:16: warning: value 'error' was defined but never used; consider replacing with boolean test
        if let error = dataSource.errorMessage {
           ~~~~^~~~~~~~
                                               != nil

SwiftCompile normal arm64 /Users/chalizardking/Desktop/ponini/poponi/poni/HorseDetailView.swift (in target 'poni' from project 'poni')
    cd /Users/chalizardking/Desktop/ponini/poponi
    
/Users/chalizardking/Desktop/ponini/poponi/poni/HorseDetailView.swift:163:5: error: declaration is only valid at file scope
    extension Int {
    ^
/Users/chalizardking/Desktop/ponini/poponi/poni/HorseDetailView.swift:176:13: error: declaration is only valid at file scope
    private extension HorseDetailView {
            ^
/Users/chalizardking/Desktop/ponini/poponi/poni/HorseDetailView.swift:80:23: error: cannot find 'loadDetailedData' in scope
                await loadDetailedData()
                      ^~~~~~~~~~~~~~~~
/Users/chalizardking/Desktop/ponini/poponi/poni/HorseDetailView.swift:104:56: error: cannot find 'formatEarnings' in scope
                StatCard(title: "Earnings", value: "$\(formatEarnings(horse.earnings))", color: .orange)
                                                       ^~~~~~~~~~~~~~
/Users/chalizardking/Desktop/ponini/poponi/poni/HorseDetailView.swift:181:56: error: cannot call value of non-function type 'Binding<Subject>'
            async let historyTask = $dataSourceManager.fetchRaceHistory(for: horse.id)
                                                       ^
/Users/chalizardking/Desktop/ponini/poponi/poni/HorseDetailView.swift:181:56: error: value of type 'ObservedObject<DataSourceManager>.Wrapper' has no dynamic member 'fetchRaceHistory' using key path from root type 'DataSourceManager'
            async let historyTask = $dataSourceManager.fetchRaceHistory(for: horse.id)
                                    ~~~~~~~~~~~~~~~~~~ ^~~~~~~~~~~~~~~~
/Users/chalizardking/Desktop/ponini/poponi/poni/HorseDetailView.swift:182:58: error: value of type 'ObservedObject<DataSourceManager>.Wrapper' has no dynamic member 'fetchJockeyROIData' using key path from root type 'DataSourceManager'
            async let jockeyROITask = $dataSourceManager.fetchJockeyROIData(for: horse.jockey ?? "")
                                      ~~~~~~~~~~~~~~~~~~ ^~~~~~~~~~~~~~~~~~
/Users/chalizardking/Desktop/ponini/poponi/poni/HorseDetailView.swift:182:58: error: cannot call value of non-function type 'Binding<Subject>'
            async let jockeyROITask = $dataSourceManager.fetchJockeyROIData(for: horse.jockey ?? "")
                                                         ^
/Users/chalizardking/Desktop/ponini/poponi/poni/HorseDetailView.swift:183:59: error: value of type 'ObservedObject<DataSourceManager>.Wrapper' has no dynamic member 'fetchTrainerROIData' using key path from root type 'DataSourceManager'
            async let trainerROITask = $dataSourceManager.fetchTrainerROIData(for: horse.trainer)
                                       ~~~~~~~~~~~~~~~~~~ ^~~~~~~~~~~~~~~~~~~
/Users/chalizardking/Desktop/ponini/poponi/poni/HorseDetailView.swift:183:59: error: cannot call value of non-function type 'Binding<Subject>'
            async let trainerROITask = $dataSourceManager.fetchTrainerROIData(for: horse.trainer)
                                                          ^
/Users/chalizardking/Desktop/ponini/poponi/poni/HorseDetailView.swift:184:57: error: value of type 'ObservedObject<DataSourceManager>.Wrapper' has no dynamic member 'fetchBreedingInfo' using key path from root type 'DataSourceManager'
            async let breedingTask = $dataSourceManager.fetchBreedingInfo(for: horse.id)
                                     ~~~~~~~~~~~~~~~~~~ ^~~~~~~~~~~~~~~~~
/Users/chalizardking/Desktop/ponini/poponi/poni/HorseDetailView.swift:184:57: error: cannot call value of non-function type 'Binding<Subject>'
            async let breedingTask = $dataSourceManager.fetchBreedingInfo(for: horse.id)
                                                        ^
/Users/chalizardking/Desktop/ponini/poponi/poni/HorseDetailView.swift:201:40: error: cannot find 'analyzePedigree' in scope
                    pedigreeAnalysis = analyzePedigree(breeding)
                                       ^~~~~~~~~~~~~~~
/Users/chalizardking/Desktop/ponini/poponi/poni/HorseDetailView.swift:188:21: warning: no calls to throwing functions occur within 'try' expression
                    try historyTask,
                    ^
/Users/chalizardking/Desktop/ponini/poponi/poni/HorseDetailView.swift:203:15: warning: 'catch' block is unreachable because no errors are thrown in 'do' block
            } catch {
              ^

Failed frontend command:
/Applications/Xcode.app/Contents/Developer/Toolchains/XcodeDefault.xctoolchain/usr/bin/swift-frontend -frontend -c /Users/chalizardking/Desktop/ponini/poponi/poni/AppearanceManager.swift /Users/chalizardking/Desktop/ponini/poponi/poni/poniApp.swift /Users/chalizardking/Desktop/ponini/poponi/poni/APITestingView.swift /Users/chalizardking/Desktop/ponini/poponi/poni/OnboardingView.swift -primary-file /Users/chalizardking/Desktop/ponini/poponi/poni/HorseRacingView.swift -primary-file /Users/chalizardking/Desktop/ponini/poponi/poni/HorseDetailView.swift /Users/chalizardking/Desktop/ponini/poponi/poni/DataStructures.swift /Users/chalizardking/Desktop/ponini/poponi/poni/DataMappingService.swift /Users/chalizardking/Desktop/ponini/poponi/poni/RealDataService.swift /Users/chalizardking/Desktop/ponini/poponi/poni/RaceAnalysisView.swift /Users/chalizardking/Desktop/ponini/poponi/poni/APIUsageExamples.swift /Users/chalizardking/Desktop/ponini/poponi/poni/APITestingService.swift /Users/chalizardking/Desktop/ponini/poponi/poni/HorseRacingDataService.swift /Users/chalizardking/Desktop/ponini/poponi/poni/Views/RaceDetailView.swift /Users/chalizardking/Desktop/ponini/poponi/poni/Horse.swift /Users/chalizardking/Desktop/ponini/poponi/poni/DataSourceManager.swift /Users/chalizardking/Desktop/ponini/poponi/poni/SettingsView.swift /Users/chalizardking/Desktop/ponini/poponi/poni/ContentView.swift /Users/chalizardking/Desktop/ponini/poponi/poni/Racing.swift /Users/chalizardking/Library/Developer/Xcode/DerivedData/poni-akslzhmljifjeiaguhyradqogade/Build/Intermediates.noindex/poni.build/Debug-iphonesimulator/poni.build/DerivedSources/GeneratedAssetSymbols.swift -emit-dependencies-path /Users/chalizardking/Library/Developer/Xcode/DerivedData/poni-akslzhmljifjeiaguhyradqogade/Build/Intermediates.noindex/poni.build/Debug-iphonesimulator/poni.build/Objects-normal/arm64/HorseRacingView.d -emit-const-values-path /Users/chalizardking/Library/Developer/Xcode/DerivedData/poni-akslzhmljifjeiaguhyradqogade/Build/Intermediates.noindex/poni.build/Debug-iphonesimulator/poni.build/Objects-normal/arm64/HorseRacingView.swiftconstvalues -emit-reference-dependencies-path /Users/chalizardking/Library/Developer/Xcode/DerivedData/poni-akslzhmljifjeiaguhyradqogade/Build/Intermediates.noindex/poni.build/Debug-iphonesimulator/poni.build/Objects-normal/arm64/HorseRacingView.swiftdeps -serialize-diagnostics-path /Users/chalizardking/Library/Developer/Xcode/DerivedData/poni-akslzhmljifjeiaguhyradqogade/Build/Intermediates.noindex/poni.build/Debug-iphonesimulator/poni.build/Objects-normal/arm64/HorseRacingView.dia -emit-dependencies-path /Users/chalizardking/Library/Developer/Xcode/DerivedData/poni-akslzhmljifjeiaguhyradqogade/Build/Intermediates.noindex/poni.build/Debug-iphonesimulator/poni.build/Objects-normal/arm64/HorseDetailView.d -emit-const-values-path /Users/chalizardking/Library/Developer/Xcode/DerivedData/poni-akslzhmljifjeiaguhyradqogade/Build/Intermediates.noindex/poni.build/Debug-iphonesimulator/poni.build/Objects-normal/arm64/HorseDetailView.swiftconstvalues -emit-reference-dependencies-path /Users/chalizardking/Library/Developer/Xcode/DerivedData/poni-akslzhmljifjeiaguhyradqogade/Build/Intermediates.noindex/poni.build/Debug-iphonesimulator/poni.build/Objects-normal/arm64/HorseDetailView.swiftdeps -serialize-diagnostics-path /Users/chalizardking/Library/Developer/Xcode/DerivedData/poni-akslzhmljifjeiaguhyradqogade/Build/Intermediates.noindex/poni.build/Debug-iphonesimulator/poni.build/Objects-normal/arm64/HorseDetailView.dia -emit-localized-strings -emit-localized-strings-path /Users/chalizardking/Library/Developer/Xcode/DerivedData/poni-akslzhmljifjeiaguhyradqogade/Build/Intermediates.noindex/poni.build/Debug-iphonesimulator/poni.build/Objects-normal/arm64 -target arm64-apple-ios18.5-simulator -Xllvm -aarch64-use-tbi -enable-objc-interop -sdk /Applications/Xcode.app/Contents/Developer/Platforms/iPhoneSimulator.platform/Developer/SDKs/iPhoneSimulator18.5.sdk -I /Users/chalizardking/Library/Developer/Xcode/DerivedData/poni-akslzhmljifjeiaguhyradqogade/Build/Products/Debug-iphonesimulator -F /Users/chalizardking/Library/Developer/Xcode/DerivedData/poni-akslzhmljifjeiaguhyradqogade/Build/Products/Debug-iphonesimulator -no-color-diagnostics -enable-testing -g -debug-info-format\=dwarf -dwarf-version\=5 -module-cache-path /Users/chalizardking/Library/Developer/Xcode/DerivedData/ModuleCache.noindex -profile-generate -profile-coverage-mapping -swift-version 5 -enforce-exclusivity\=checked -Onone -D DEBUG -serialize-debugging-options -const-gather-protocols-file /Users/chalizardking/Library/Developer/Xcode/DerivedData/poni-akslzhmljifjeiaguhyradqogade/Build/Intermediates.noindex/poni.build/Debug-iphonesimulator/poni.build/Objects-normal/arm64/poni_const_extract_protocols.json -enable-experimental-feature DebugDescriptionMacro -enable-bare-slash-regex -empty-abi-descriptor -validate-clang-modules-once -clang-build-session-file /Users/chalizardking/Library/Developer/Xcode/DerivedData/ModuleCache.noindex/Session.modulevalidation -Xcc -working-directory -Xcc /Users/chalizardking/Desktop/ponini/poponi -resource-dir /Applications/Xcode.app/Contents/Developer/Toolchains/XcodeDefault.xctoolchain/usr/lib/swift -enable-anonymous-context-mangled-names -file-compilation-dir /Users/chalizardking/Desktop/ponini/poponi -Xcc -ivfsstatcache -Xcc /Users/chalizardking/Library/Developer/Xcode/DerivedData/SDKStatCaches.noindex/iphonesimulator18.5-22F76-d5fc8ad4295d2ef488fb7d0f804ce0c4.sdkstatcache -Xcc -I/Users/chalizardking/Library/Developer/Xcode/DerivedData/poni-akslzhmljifjeiaguhyradqogade/Build/Intermediates.noindex/poni.build/Debug-iphonesimulator/poni.build/swift-overrides.hmap -Xcc -iquote -Xcc /Users/chalizardking/Library/Developer/Xcode/DerivedData/poni-akslzhmljifjeiaguhyradqogade/Build/Intermediates.noindex/poni.build/Debug-iphonesimulator/poni.build/poni-generated-files.hmap -Xcc -I/Users/chalizardking/Library/Developer/Xcode/DerivedData/poni-akslzhmljifjeiaguhyradqogade/Build/Intermediates.noindex/poni.build/Debug-iphonesimulator/poni.build/poni-own-target-headers.hmap -Xcc -I/Users/chalizardking/Library/Developer/Xcode/DerivedData/poni-akslzhmljifjeiaguhyradqogade/Build/Intermediates.noindex/poni.build/Debug-iphonesimulator/poni.build/poni-all-target-headers.hmap -Xcc -iquote -Xcc /Users/chalizardking/Library/Developer/Xcode/DerivedData/poni-akslzhmljifjeiaguhyradqogade/Build/Intermediates.noindex/poni.build/Debug-iphonesimulator/poni.build/poni-project-headers.hmap -Xcc -I/Users/chalizardking/Library/Developer/Xcode/DerivedData/poni-akslzhmljifjeiaguhyradqogade/Build/Products/Debug-iphonesimulator/include -Xcc -I/Users/chalizardking/Library/Developer/Xcode/DerivedData/poni-akslzhmljifjeiaguhyradqogade/Build/Intermediates.noindex/poni.build/Debug-iphonesimulator/poni.build/DerivedSources-normal/arm64 -Xcc -I/Users/chalizardking/Library/Developer/Xcode/DerivedData/poni-akslzhmljifjeiaguhyradqogade/Build/Intermediates.noindex/poni.build/Debug-iphonesimulator/poni.build/DerivedSources/arm64 -Xcc -I/Users/chalizardking/Library/Developer/Xcode/DerivedData/poni-akslzhmljifjeiaguhyradqogade/Build/Intermediates.noindex/poni.build/Debug-iphonesimulator/poni.build/DerivedSources -Xcc -DDEBUG\=1 -module-name poni -frontend-parseable-output -disable-clang-spi -target-sdk-version 18.5 -target-sdk-name iphonesimulator18.5 -external-plugin-path /Applications/Xcode.app/Contents/Developer/Platforms/iPhoneOS.platform/Developer/usr/lib/swift/host/plugins\#/Applications/Xcode.app/Contents/Developer/Platforms/iPhoneOS.platform/Developer/usr/bin/swift-plugin-server -external-plugin-path /Applications/Xcode.app/Contents/Developer/Platforms/iPhoneOS.platform/Developer/usr/local/lib/swift/host/plugins\#/Applications/Xcode.app/Contents/Developer/Platforms/iPhoneOS.platform/Developer/usr/bin/swift-plugin-server -in-process-plugin-server-path /Applications/Xcode.app/Contents/Developer/Toolchains/XcodeDefault.xctoolchain/usr/lib/swift/host/libSwiftInProcPluginServer.dylib -plugin-path /Applications/Xcode.app/Contents/Developer/Toolchains/XcodeDefault.xctoolchain/usr/lib/swift/host/plugins -plugin-path /Applications/Xcode.app/Contents/Developer/Toolchains/XcodeDefault.xctoolchain/usr/local/lib/swift/host/plugins -o /Users/chalizardking/Library/Developer/Xcode/DerivedData/poni-akslzhmljifjeiaguhyradqogade/Build/Intermediates.noindex/poni.build/Debug-iphonesimulator/poni.build/Objects-normal/arm64/HorseRacingView.o -o /Users/chalizardking/Library/Developer/Xcode/DerivedData/poni-akslzhmljifjeiaguhyradqogade/Build/Intermediates.noindex/poni.build/Debug-iphonesimulator/poni.build/Objects-normal/arm64/HorseDetailView.o -index-unit-output-path /poni.build/Debug-iphonesimulator/poni.build/Objects-normal/arm64/HorseRacingView.o -index-unit-output-path /poni.build/Debug-iphonesimulator/poni.build/Objects-normal/arm64/HorseDetailView.o -index-store-path /Users/chalizardking/Library/Developer/Xcode/DerivedData/poni-akslzhmljifjeiaguhyradqogade/Index.noindex/DataStore -index-system-modules
SwiftCompile normal arm64 Compiling\ DataStructures.swift,\ DataMappingService.swift /Users/chalizardking/Desktop/ponini/poponi/poni/DataStructures.swift /Users/chalizardking/Desktop/ponini/poponi/poni/DataMappingService.swift (in target 'poni' from project 'poni')

SwiftCompile normal arm64 /Users/chalizardking/Desktop/ponini/poponi/poni/DataStructures.swift (in target 'poni' from project 'poni')
    cd /Users/chalizardking/Desktop/ponini/poponi
    

SwiftCompile normal arm64 /Users/chalizardking/Desktop/ponini/poponi/poni/DataMappingService.swift (in target 'poni' from project 'poni')
    cd /Users/chalizardking/Desktop/ponini/poponi
    

SwiftCompile normal arm64 Compiling\ SettingsView.swift /Users/chalizardking/Desktop/ponini/poponi/poni/SettingsView.swift (in target 'poni' from project 'poni')
Failed frontend command:
/Applications/Xcode.app/Contents/Developer/Toolchains/XcodeDefault.xctoolchain/usr/bin/swift-frontend -frontend -c /Users/chalizardking/Desktop/ponini/poponi/poni/AppearanceManager.swift /Users/chalizardking/Desktop/ponini/poponi/poni/poniApp.swift /Users/chalizardking/Desktop/ponini/poponi/poni/APITestingView.swift /Users/chalizardking/Desktop/ponini/poponi/poni/OnboardingView.swift /Users/chalizardking/Desktop/ponini/poponi/poni/HorseRacingView.swift /Users/chalizardking/Desktop/ponini/poponi/poni/HorseDetailView.swift /Users/chalizardking/Desktop/ponini/poponi/poni/DataStructures.swift /Users/chalizardking/Desktop/ponini/poponi/poni/DataMappingService.swift /Users/chalizardking/Desktop/ponini/poponi/poni/RealDataService.swift /Users/chalizardking/Desktop/ponini/poponi/poni/RaceAnalysisView.swift /Users/chalizardking/Desktop/ponini/poponi/poni/APIUsageExamples.swift /Users/chalizardking/Desktop/ponini/poponi/poni/APITestingService.swift /Users/chalizardking/Desktop/ponini/poponi/poni/HorseRacingDataService.swift /Users/chalizardking/Desktop/ponini/poponi/poni/Views/RaceDetailView.swift /Users/chalizardking/Desktop/ponini/poponi/poni/Horse.swift /Users/chalizardking/Desktop/ponini/poponi/poni/DataSourceManager.swift -primary-file /Users/chalizardking/Desktop/ponini/poponi/poni/SettingsView.swift /Users/chalizardking/Desktop/ponini/poponi/poni/ContentView.swift /Users/chalizardking/Desktop/ponini/poponi/poni/Racing.swift /Users/chalizardking/Library/Developer/Xcode/DerivedData/poni-akslzhmljifjeiaguhyradqogade/Build/Intermediates.noindex/poni.build/Debug-iphonesimulator/poni.build/DerivedSources/GeneratedAssetSymbols.swift -emit-dependencies-path /Users/chalizardking/Library/Developer/Xcode/DerivedData/poni-akslzhmljifjeiaguhyradqogade/Build/Intermediates.noindex/poni.build/Debug-iphonesimulator/poni.build/Objects-normal/arm64/SettingsView.d -emit-const-values-path /Users/chalizardking/Library/Developer/Xcode/DerivedData/poni-akslzhmljifjeiaguhyradqogade/Build/Intermediates.noindex/poni.build/Debug-iphonesimulator/poni.build/Objects-normal/arm64/SettingsView.swiftconstvalues -emit-reference-dependencies-path /Users/chalizardking/Library/Developer/Xcode/DerivedData/poni-akslzhmljifjeiaguhyradqogade/Build/Intermediates.noindex/poni.build/Debug-iphonesimulator/poni.build/Objects-normal/arm64/SettingsView.swiftdeps -serialize-diagnostics-path /Users/chalizardking/Library/Developer/Xcode/DerivedData/poni-akslzhmljifjeiaguhyradqogade/Build/Intermediates.noindex/poni.build/Debug-iphonesimulator/poni.build/Objects-normal/arm64/SettingsView.dia -emit-localized-strings -emit-localized-strings-path /Users/chalizardking/Library/Developer/Xcode/DerivedData/poni-akslzhmljifjeiaguhyradqogade/Build/Intermediates.noindex/poni.build/Debug-iphonesimulator/poni.build/Objects-normal/arm64 -target arm64-apple-ios18.5-simulator -Xllvm -aarch64-use-tbi -enable-objc-interop -sdk /Applications/Xcode.app/Contents/Developer/Platforms/iPhoneSimulator.platform/Developer/SDKs/iPhoneSimulator18.5.sdk -I /Users/chalizardking/Library/Developer/Xcode/DerivedData/poni-akslzhmljifjeiaguhyradqogade/Build/Products/Debug-iphonesimulator -F /Users/chalizardking/Library/Developer/Xcode/DerivedData/poni-akslzhmljifjeiaguhyradqogade/Build/Products/Debug-iphonesimulator -no-color-diagnostics -enable-testing -g -debug-info-format\=dwarf -dwarf-version\=5 -module-cache-path /Users/chalizardking/Library/Developer/Xcode/DerivedData/ModuleCache.noindex -profile-generate -profile-coverage-mapping -swift-version 5 -enforce-exclusivity\=checked -Onone -D DEBUG -serialize-debugging-options -const-gather-protocols-file /Users/chalizardking/Library/Developer/Xcode/DerivedData/poni-akslzhmljifjeiaguhyradqogade/Build/Intermediates.noindex/poni.build/Debug-iphonesimulator/poni.build/Objects-normal/arm64/poni_const_extract_protocols.json -enable-experimental-feature DebugDescriptionMacro -enable-bare-slash-regex -empty-abi-descriptor -validate-clang-modules-once -clang-build-session-file /Users/chalizardking/Library/Developer/Xcode/DerivedData/ModuleCache.noindex/Session.modulevalidation -Xcc -working-directory -Xcc /Users/chalizardking/Desktop/ponini/poponi -resource-dir /Applications/Xcode.app/Contents/Developer/Toolchains/XcodeDefault.xctoolchain/usr/lib/swift -enable-anonymous-context-mangled-names -file-compilation-dir /Users/chalizardking/Desktop/ponini/poponi -Xcc -ivfsstatcache -Xcc /Users/chalizardking/Library/Developer/Xcode/DerivedData/SDKStatCaches.noindex/iphonesimulator18.5-22F76-d5fc8ad4295d2ef488fb7d0f804ce0c4.sdkstatcache -Xcc -I/Users/chalizardking/Library/Developer/Xcode/DerivedData/poni-akslzhmljifjeiaguhyradqogade/Build/Intermediates.noindex/poni.build/Debug-iphonesimulator/poni.build/swift-overrides.hmap -Xcc -iquote -Xcc /Users/chalizardking/Library/Developer/Xcode/DerivedData/poni-akslzhmljifjeiaguhyradqogade/Build/Intermediates.noindex/poni.build/Debug-iphonesimulator/poni.build/poni-generated-files.hmap -Xcc -I/Users/chalizardking/Library/Developer/Xcode/DerivedData/poni-akslzhmljifjeiaguhyradqogade/Build/Intermediates.noindex/poni.build/Debug-iphonesimulator/poni.build/poni-own-target-headers.hmap -Xcc -I/Users/chalizardking/Library/Developer/Xcode/DerivedData/poni-akslzhmljifjeiaguhyradqogade/Build/Intermediates.noindex/poni.build/Debug-iphonesimulator/poni.build/poni-all-target-headers.hmap -Xcc -iquote -Xcc /Users/chalizardking/Library/Developer/Xcode/DerivedData/poni-akslzhmljifjeiaguhyradqogade/Build/Intermediates.noindex/poni.build/Debug-iphonesimulator/poni.build/poni-project-headers.hmap -Xcc -I/Users/chalizardking/Library/Developer/Xcode/DerivedData/poni-akslzhmljifjeiaguhyradqogade/Build/Products/Debug-iphonesimulator/include -Xcc -I/Users/chalizardking/Library/Developer/Xcode/DerivedData/poni-akslzhmljifjeiaguhyradqogade/Build/Intermediates.noindex/poni.build/Debug-iphonesimulator/poni.build/DerivedSources-normal/arm64 -Xcc -I/Users/chalizardking/Library/Developer/Xcode/DerivedData/poni-akslzhmljifjeiaguhyradqogade/Build/Intermediates.noindex/poni.build/Debug-iphonesimulator/poni.build/DerivedSources/arm64 -Xcc -I/Users/chalizardking/Library/Developer/Xcode/DerivedData/poni-akslzhmljifjeiaguhyradqogade/Build/Intermediates.noindex/poni.build/Debug-iphonesimulator/poni.build/DerivedSources -Xcc -DDEBUG\=1 -module-name poni -frontend-parseable-output -disable-clang-spi -target-sdk-version 18.5 -target-sdk-name iphonesimulator18.5 -external-plugin-path /Applications/Xcode.app/Contents/Developer/Platforms/iPhoneOS.platform/Developer/usr/lib/swift/host/plugins\#/Applications/Xcode.app/Contents/Developer/Platforms/iPhoneOS.platform/Developer/usr/bin/swift-plugin-server -external-plugin-path /Applications/Xcode.app/Contents/Developer/Platforms/iPhoneOS.platform/Developer/usr/local/lib/swift/host/plugins\#/Applications/Xcode.app/Contents/Developer/Platforms/iPhoneOS.platform/Developer/usr/bin/swift-plugin-server -in-process-plugin-server-path /Applications/Xcode.app/Contents/Developer/Toolchains/XcodeDefault.xctoolchain/usr/lib/swift/host/libSwiftInProcPluginServer.dylib -plugin-path /Applications/Xcode.app/Contents/Developer/Toolchains/XcodeDefault.xctoolchain/usr/lib/swift/host/plugins -plugin-path /Applications/Xcode.app/Contents/Developer/Toolchains/XcodeDefault.xctoolchain/usr/local/lib/swift/host/plugins -o /Users/chalizardking/Library/Developer/Xcode/DerivedData/poni-akslzhmljifjeiaguhyradqogade/Build/Intermediates.noindex/poni.build/Debug-iphonesimulator/poni.build/Objects-normal/arm64/SettingsView.o -index-unit-output-path /poni.build/Debug-iphonesimulator/poni.build/Objects-normal/arm64/SettingsView.o -index-store-path /Users/chalizardking/Library/Developer/Xcode/DerivedData/poni-akslzhmljifjeiaguhyradqogade/Index.noindex/DataStore -index-system-modules

SwiftCompile normal arm64 /Users/chalizardking/Desktop/ponini/poponi/poni/SettingsView.swift (in target 'poni' from project 'poni')
    cd /Users/chalizardking/Desktop/ponini/poponi
    
/Users/chalizardking/Desktop/ponini/poponi/poni/HorseDetailView.swift:163:5: error: declaration is only valid at file scope
    extension Int {
    ^
/Users/chalizardking/Desktop/ponini/poponi/poni/HorseDetailView.swift:176:13: error: declaration is only valid at file scope
    private extension HorseDetailView {
            ^
/Users/chalizardking/Desktop/ponini/poponi/poni/ContentView.swift:242:97: error: cannot find 'Item' in scope
        .modelContainer(for: [Horse.self, Jockey.self, Trainer.self, Race.self, RaceEntry.self, Item.self], inMemory: true)
                                                                                                ^~~~
/Users/chalizardking/Desktop/ponini/poponi/poni/SettingsView.swift:244:31: error: cannot assign to property: 'errorMessage' setter is inaccessible
            dataSourceManager.errorMessage = "Testing connection..."
            ~~~~~~~~~~~~~~~~~~^~~~~~~~~~~~
/Users/chalizardking/Desktop/ponini/poponi/poni/SettingsView.swift:259:35: error: cannot assign to property: 'errorMessage' setter is inaccessible
                dataSourceManager.errorMessage = "✅ Connection successful! Found \(races.count) races."
/Users/chalizardking/Desktop/ponini/poponi/poni/SettingsView.swift:264:35: error: cannot assign to property: 'errorMessage' setter is inaccessible
                dataSourceManager.errorMessage = "❌ Connection failed: \(error.localizedDescription)"

SwiftCompile normal arm64 Compiling\ ContentView.swift /Users/chalizardking/Desktop/ponini/poponi/poni/ContentView.swift (in target 'poni' from project 'poni')
Failed frontend command:
/Applications/Xcode.app/Contents/Developer/Toolchains/XcodeDefault.xctoolchain/usr/bin/swift-frontend -frontend -c /Users/chalizardking/Desktop/ponini/poponi/poni/AppearanceManager.swift /Users/chalizardking/Desktop/ponini/poponi/poni/poniApp.swift /Users/chalizardking/Desktop/ponini/poponi/poni/APITestingView.swift /Users/chalizardking/Desktop/ponini/poponi/poni/OnboardingView.swift /Users/chalizardking/Desktop/ponini/poponi/poni/HorseRacingView.swift /Users/chalizardking/Desktop/ponini/poponi/poni/HorseDetailView.swift /Users/chalizardking/Desktop/ponini/poponi/poni/DataStructures.swift /Users/chalizardking/Desktop/ponini/poponi/poni/DataMappingService.swift /Users/chalizardking/Desktop/ponini/poponi/poni/RealDataService.swift /Users/chalizardking/Desktop/ponini/poponi/poni/RaceAnalysisView.swift /Users/chalizardking/Desktop/ponini/poponi/poni/APIUsageExamples.swift /Users/chalizardking/Desktop/ponini/poponi/poni/APITestingService.swift /Users/chalizardking/Desktop/ponini/poponi/poni/HorseRacingDataService.swift /Users/chalizardking/Desktop/ponini/poponi/poni/Views/RaceDetailView.swift /Users/chalizardking/Desktop/ponini/poponi/poni/Horse.swift /Users/chalizardking/Desktop/ponini/poponi/poni/DataSourceManager.swift /Users/chalizardking/Desktop/ponini/poponi/poni/SettingsView.swift -primary-file /Users/chalizardking/Desktop/ponini/poponi/poni/ContentView.swift /Users/chalizardking/Desktop/ponini/poponi/poni/Racing.swift /Users/chalizardking/Library/Developer/Xcode/DerivedData/poni-akslzhmljifjeiaguhyradqogade/Build/Intermediates.noindex/poni.build/Debug-iphonesimulator/poni.build/DerivedSources/GeneratedAssetSymbols.swift -emit-dependencies-path /Users/chalizardking/Library/Developer/Xcode/DerivedData/poni-akslzhmljifjeiaguhyradqogade/Build/Intermediates.noindex/poni.build/Debug-iphonesimulator/poni.build/Objects-normal/arm64/ContentView.d -emit-const-values-path /Users/chalizardking/Library/Developer/Xcode/DerivedData/poni-akslzhmljifjeiaguhyradqogade/Build/Intermediates.noindex/poni.build/Debug-iphonesimulator/poni.build/Objects-normal/arm64/ContentView.swiftconstvalues -emit-reference-dependencies-path /Users/chalizardking/Library/Developer/Xcode/DerivedData/poni-akslzhmljifjeiaguhyradqogade/Build/Intermediates.noindex/poni.build/Debug-iphonesimulator/poni.build/Objects-normal/arm64/ContentView.swiftdeps -serialize-diagnostics-path /Users/chalizardking/Library/Developer/Xcode/DerivedData/poni-akslzhmljifjeiaguhyradqogade/Build/Intermediates.noindex/poni.build/Debug-iphonesimulator/poni.build/Objects-normal/arm64/ContentView.dia -emit-localized-strings -emit-localized-strings-path /Users/chalizardking/Library/Developer/Xcode/DerivedData/poni-akslzhmljifjeiaguhyradqogade/Build/Intermediates.noindex/poni.build/Debug-iphonesimulator/poni.build/Objects-normal/arm64 -target arm64-apple-ios18.5-simulator -Xllvm -aarch64-use-tbi -enable-objc-interop -sdk /Applications/Xcode.app/Contents/Developer/Platforms/iPhoneSimulator.platform/Developer/SDKs/iPhoneSimulator18.5.sdk -I /Users/chalizardking/Library/Developer/Xcode/DerivedData/poni-akslzhmljifjeiaguhyradqogade/Build/Products/Debug-iphonesimulator -F /Users/chalizardking/Library/Developer/Xcode/DerivedData/poni-akslzhmljifjeiaguhyradqogade/Build/Products/Debug-iphonesimulator -no-color-diagnostics -enable-testing -g -debug-info-format\=dwarf -dwarf-version\=5 -module-cache-path /Users/chalizardking/Library/Developer/Xcode/DerivedData/ModuleCache.noindex -profile-generate -profile-coverage-mapping -swift-version 5 -enforce-exclusivity\=checked -Onone -D DEBUG -serialize-debugging-options -const-gather-protocols-file /Users/chalizardking/Library/Developer/Xcode/DerivedData/poni-akslzhmljifjeiaguhyradqogade/Build/Intermediates.noindex/poni.build/Debug-iphonesimulator/poni.build/Objects-normal/arm64/poni_const_extract_protocols.json -enable-experimental-feature DebugDescriptionMacro -enable-bare-slash-regex -empty-abi-descriptor -validate-clang-modules-once -clang-build-session-file /Users/chalizardking/Library/Developer/Xcode/DerivedData/ModuleCache.noindex/Session.modulevalidation -Xcc -working-directory -Xcc /Users/chalizardking/Desktop/ponini/poponi -resource-dir /Applications/Xcode.app/Contents/Developer/Toolchains/XcodeDefault.xctoolchain/usr/lib/swift -enable-anonymous-context-mangled-names -file-compilation-dir /Users/chalizardking/Desktop/ponini/poponi -Xcc -ivfsstatcache -Xcc /Users/chalizardking/Library/Developer/Xcode/DerivedData/SDKStatCaches.noindex/iphonesimulator18.5-22F76-d5fc8ad4295d2ef488fb7d0f804ce0c4.sdkstatcache -Xcc -I/Users/chalizardking/Library/Developer/Xcode/DerivedData/poni-akslzhmljifjeiaguhyradqogade/Build/Intermediates.noindex/poni.build/Debug-iphonesimulator/poni.build/swift-overrides.hmap -Xcc -iquote -Xcc /Users/chalizardking/Library/Developer/Xcode/DerivedData/poni-akslzhmljifjeiaguhyradqogade/Build/Intermediates.noindex/poni.build/Debug-iphonesimulator/poni.build/poni-generated-files.hmap -Xcc -I/Users/chalizardking/Library/Developer/Xcode/DerivedData/poni-akslzhmljifjeiaguhyradqogade/Build/Intermediates.noindex/poni.build/Debug-iphonesimulator/poni.build/poni-own-target-headers.hmap -Xcc -I/Users/chalizardking/Library/Developer/Xcode/DerivedData/poni-akslzhmljifjeiaguhyradqogade/Build/Intermediates.noindex/poni.build/Debug-iphonesimulator/poni.build/poni-all-target-headers.hmap -Xcc -iquote -Xcc /Users/chalizardking/Library/Developer/Xcode/DerivedData/poni-akslzhmljifjeiaguhyradqogade/Build/Intermediates.noindex/poni.build/Debug-iphonesimulator/poni.build/poni-project-headers.hmap -Xcc -I/Users/chalizardking/Library/Developer/Xcode/DerivedData/poni-akslzhmljifjeiaguhyradqogade/Build/Products/Debug-iphonesimulator/include -Xcc -I/Users/chalizardking/Library/Developer/Xcode/DerivedData/poni-akslzhmljifjeiaguhyradqogade/Build/Intermediates.noindex/poni.build/Debug-iphonesimulator/poni.build/DerivedSources-normal/arm64 -Xcc -I/Users/chalizardking/Library/Developer/Xcode/DerivedData/poni-akslzhmljifjeiaguhyradqogade/Build/Intermediates.noindex/poni.build/Debug-iphonesimulator/poni.build/DerivedSources/arm64 -Xcc -I/Users/chalizardking/Library/Developer/Xcode/DerivedData/poni-akslzhmljifjeiaguhyradqogade/Build/Intermediates.noindex/poni.build/Debug-iphonesimulator/poni.build/DerivedSources -Xcc -DDEBUG\=1 -module-name poni -frontend-parseable-output -disable-clang-spi -target-sdk-version 18.5 -target-sdk-name iphonesimulator18.5 -external-plugin-path /Applications/Xcode.app/Contents/Developer/Platforms/iPhoneOS.platform/Developer/usr/lib/swift/host/plugins\#/Applications/Xcode.app/Contents/Developer/Platforms/iPhoneOS.platform/Developer/usr/bin/swift-plugin-server -external-plugin-path /Applications/Xcode.app/Contents/Developer/Platforms/iPhoneOS.platform/Developer/usr/local/lib/swift/host/plugins\#/Applications/Xcode.app/Contents/Developer/Platforms/iPhoneOS.platform/Developer/usr/bin/swift-plugin-server -in-process-plugin-server-path /Applications/Xcode.app/Contents/Developer/Toolchains/XcodeDefault.xctoolchain/usr/lib/swift/host/libSwiftInProcPluginServer.dylib -plugin-path /Applications/Xcode.app/Contents/Developer/Toolchains/XcodeDefault.xctoolchain/usr/lib/swift/host/plugins -plugin-path /Applications/Xcode.app/Contents/Developer/Toolchains/XcodeDefault.xctoolchain/usr/local/lib/swift/host/plugins -o /Users/chalizardking/Library/Developer/Xcode/DerivedData/poni-akslzhmljifjeiaguhyradqogade/Build/Intermediates.noindex/poni.build/Debug-iphonesimulator/poni.build/Objects-normal/arm64/ContentView.o -index-unit-output-path /poni.build/Debug-iphonesimulator/poni.build/Objects-normal/arm64/ContentView.o -index-store-path /Users/chalizardking/Library/Developer/Xcode/DerivedData/poni-akslzhmljifjeiaguhyradqogade/Index.noindex/DataStore -index-system-modules

SwiftCompile normal arm64 /Users/chalizardking/Desktop/ponini/poponi/poni/ContentView.swift (in target 'poni' from project 'poni')
    cd /Users/chalizardking/Desktop/ponini/poponi
    
/Users/chalizardking/Desktop/ponini/poponi/poni/ContentView.swift:242:97: error: cannot find 'Item' in scope
        .modelContainer(for: [Horse.self, Jockey.self, Trainer.self, Race.self, RaceEntry.self, Item.self], inMemory: true)
                                                                                                ^~~~
/Users/chalizardking/Desktop/ponini/poponi/poni/ContentView.swift:64:52: error: cannot convert value of type 'Binding<Subject>' to expected argument type 'Bool'
            showingOnboarding = !dataSourceManager.hasCompletedOnboarding
                                                   ^
/Users/chalizardking/Desktop/ponini/poponi/poni/ContentView.swift:64:52: error: value of type 'DataSourceManager' has no dynamic member 'hasCompletedOnboarding' using key path from root type 'DataSourceManager'
            showingOnboarding = !dataSourceManager.hasCompletedOnboarding
                                 ~~~~~~~~~~~~~~~~~ ^~~~~~~~~~~~~~~~~~~~~~
/Users/chalizardking/Desktop/ponini/poponi/poni/ContentView.swift:64:34: error: referencing subscript 'subscript(dynamicMember:)' requires wrapper 'ObservedObject<DataSourceManager>.Wrapper'
            showingOnboarding = !dataSourceManager.hasCompletedOnboarding
                                 ^
                                 $

SwiftCompile normal arm64 Compiling\ RealDataService.swift,\ RaceAnalysisView.swift /Users/chalizardking/Desktop/ponini/poponi/poni/RealDataService.swift /Users/chalizardking/Desktop/ponini/poponi/poni/RaceAnalysisView.swift (in target 'poni' from project 'poni')
Failed frontend command:
/Applications/Xcode.app/Contents/Developer/Toolchains/XcodeDefault.xctoolchain/usr/bin/swift-frontend -frontend -c /Users/chalizardking/Desktop/ponini/poponi/poni/AppearanceManager.swift /Users/chalizardking/Desktop/ponini/poponi/poni/poniApp.swift /Users/chalizardking/Desktop/ponini/poponi/poni/APITestingView.swift /Users/chalizardking/Desktop/ponini/poponi/poni/OnboardingView.swift /Users/chalizardking/Desktop/ponini/poponi/poni/HorseRacingView.swift /Users/chalizardking/Desktop/ponini/poponi/poni/HorseDetailView.swift /Users/chalizardking/Desktop/ponini/poponi/poni/DataStructures.swift /Users/chalizardking/Desktop/ponini/poponi/poni/DataMappingService.swift -primary-file /Users/chalizardking/Desktop/ponini/poponi/poni/RealDataService.swift -primary-file /Users/chalizardking/Desktop/ponini/poponi/poni/RaceAnalysisView.swift /Users/chalizardking/Desktop/ponini/poponi/poni/APIUsageExamples.swift /Users/chalizardking/Desktop/ponini/poponi/poni/APITestingService.swift /Users/chalizardking/Desktop/ponini/poponi/poni/HorseRacingDataService.swift /Users/chalizardking/Desktop/ponini/poponi/poni/Views/RaceDetailView.swift /Users/chalizardking/Desktop/ponini/poponi/poni/Horse.swift /Users/chalizardking/Desktop/ponini/poponi/poni/DataSourceManager.swift /Users/chalizardking/Desktop/ponini/poponi/poni/SettingsView.swift /Users/chalizardking/Desktop/ponini/poponi/poni/ContentView.swift /Users/chalizardking/Desktop/ponini/poponi/poni/Racing.swift /Users/chalizardking/Library/Developer/Xcode/DerivedData/poni-akslzhmljifjeiaguhyradqogade/Build/Intermediates.noindex/poni.build/Debug-iphonesimulator/poni.build/DerivedSources/GeneratedAssetSymbols.swift -emit-dependencies-path /Users/chalizardking/Library/Developer/Xcode/DerivedData/poni-akslzhmljifjeiaguhyradqogade/Build/Intermediates.noindex/poni.build/Debug-iphonesimulator/poni.build/Objects-normal/arm64/RealDataService.d -emit-const-values-path /Users/chalizardking/Library/Developer/Xcode/DerivedData/poni-akslzhmljifjeiaguhyradqogade/Build/Intermediates.noindex/poni.build/Debug-iphonesimulator/poni.build/Objects-normal/arm64/RealDataService.swiftconstvalues -emit-reference-dependencies-path /Users/chalizardking/Library/Developer/Xcode/DerivedData/poni-akslzhmljifjeiaguhyradqogade/Build/Intermediates.noindex/poni.build/Debug-iphonesimulator/poni.build/Objects-normal/arm64/RealDataService.swiftdeps -serialize-diagnostics-path /Users/chalizardking/Library/Developer/Xcode/DerivedData/poni-akslzhmljifjeiaguhyradqogade/Build/Intermediates.noindex/poni.build/Debug-iphonesimulator/poni.build/Objects-normal/arm64/RealDataService.dia -emit-dependencies-path /Users/chalizardking/Library/Developer/Xcode/DerivedData/poni-akslzhmljifjeiaguhyradqogade/Build/Intermediates.noindex/poni.build/Debug-iphonesimulator/poni.build/Objects-normal/arm64/RaceAnalysisView.d -emit-const-values-path /Users/chalizardking/Library/Developer/Xcode/DerivedData/poni-akslzhmljifjeiaguhyradqogade/Build/Intermediates.noindex/poni.build/Debug-iphonesimulator/poni.build/Objects-normal/arm64/RaceAnalysisView.swiftconstvalues -emit-reference-dependencies-path /Users/chalizardking/Library/Developer/Xcode/DerivedData/poni-akslzhmljifjeiaguhyradqogade/Build/Intermediates.noindex/poni.build/Debug-iphonesimulator/poni.build/Objects-normal/arm64/RaceAnalysisView.swiftdeps -serialize-diagnostics-path /Users/chalizardking/Library/Developer/Xcode/DerivedData/poni-akslzhmljifjeiaguhyradqogade/Build/Intermediates.noindex/poni.build/Debug-iphonesimulator/poni.build/Objects-normal/arm64/RaceAnalysisView.dia -emit-localized-strings -emit-localized-strings-path /Users/chalizardking/Library/Developer/Xcode/DerivedData/poni-akslzhmljifjeiaguhyradqogade/Build/Intermediates.noindex/poni.build/Debug-iphonesimulator/poni.build/Objects-normal/arm64 -target arm64-apple-ios18.5-simulator -Xllvm -aarch64-use-tbi -enable-objc-interop -sdk /Applications/Xcode.app/Contents/Developer/Platforms/iPhoneSimulator.platform/Developer/SDKs/iPhoneSimulator18.5.sdk -I /Users/chalizardking/Library/Developer/Xcode/DerivedData/poni-akslzhmljifjeiaguhyradqogade/Build/Products/Debug-iphonesimulator -F /Users/chalizardking/Library/Developer/Xcode/DerivedData/poni-akslzhmljifjeiaguhyradqogade/Build/Products/Debug-iphonesimulator -no-color-diagnostics -enable-testing -g -debug-info-format\=dwarf -dwarf-version\=5 -module-cache-path /Users/chalizardking/Library/Developer/Xcode/DerivedData/ModuleCache.noindex -profile-generate -profile-coverage-mapping -swift-version 5 -enforce-exclusivity\=checked -Onone -D DEBUG -serialize-debugging-options -const-gather-protocols-file /Users/chalizardking/Library/Developer/Xcode/DerivedData/poni-akslzhmljifjeiaguhyradqogade/Build/Intermediates.noindex/poni.build/Debug-iphonesimulator/poni.build/Objects-normal/arm64/poni_const_extract_protocols.json -enable-experimental-feature DebugDescriptionMacro -enable-bare-slash-regex -empty-abi-descriptor -validate-clang-modules-once -clang-build-session-file /Users/chalizardking/Library/Developer/Xcode/DerivedData/ModuleCache.noindex/Session.modulevalidation -Xcc -working-directory -Xcc /Users/chalizardking/Desktop/ponini/poponi -resource-dir /Applications/Xcode.app/Contents/Developer/Toolchains/XcodeDefault.xctoolchain/usr/lib/swift -enable-anonymous-context-mangled-names -file-compilation-dir /Users/chalizardking/Desktop/ponini/poponi -Xcc -ivfsstatcache -Xcc /Users/chalizardking/Library/Developer/Xcode/DerivedData/SDKStatCaches.noindex/iphonesimulator18.5-22F76-d5fc8ad4295d2ef488fb7d0f804ce0c4.sdkstatcache -Xcc -I/Users/chalizardking/Library/Developer/Xcode/DerivedData/poni-akslzhmljifjeiaguhyradqogade/Build/Intermediates.noindex/poni.build/Debug-iphonesimulator/poni.build/swift-overrides.hmap -Xcc -iquote -Xcc /Users/chalizardking/Library/Developer/Xcode/DerivedData/poni-akslzhmljifjeiaguhyradqogade/Build/Intermediates.noindex/poni.build/Debug-iphonesimulator/poni.build/poni-generated-files.hmap -Xcc -I/Users/chalizardking/Library/Developer/Xcode/DerivedData/poni-akslzhmljifjeiaguhyradqogade/Build/Intermediates.noindex/poni.build/Debug-iphonesimulator/poni.build/poni-own-target-headers.hmap -Xcc -I/Users/chalizardking/Library/Developer/Xcode/DerivedData/poni-akslzhmljifjeiaguhyradqogade/Build/Intermediates.noindex/poni.build/Debug-iphonesimulator/poni.build/poni-all-target-headers.hmap -Xcc -iquote -Xcc /Users/chalizardking/Library/Developer/Xcode/DerivedData/poni-akslzhmljifjeiaguhyradqogade/Build/Intermediates.noindex/poni.build/Debug-iphonesimulator/poni.build/poni-project-headers.hmap -Xcc -I/Users/chalizardking/Library/Developer/Xcode/DerivedData/poni-akslzhmljifjeiaguhyradqogade/Build/Products/Debug-iphonesimulator/include -Xcc -I/Users/chalizardking/Library/Developer/Xcode/DerivedData/poni-akslzhmljifjeiaguhyradqogade/Build/Intermediates.noindex/poni.build/Debug-iphonesimulator/poni.build/DerivedSources-normal/arm64 -Xcc -I/Users/chalizardking/Library/Developer/Xcode/DerivedData/poni-akslzhmljifjeiaguhyradqogade/Build/Intermediates.noindex/poni.build/Debug-iphonesimulator/poni.build/DerivedSources/arm64 -Xcc -I/Users/chalizardking/Library/Developer/Xcode/DerivedData/poni-akslzhmljifjeiaguhyradqogade/Build/Intermediates.noindex/poni.build/Debug-iphonesimulator/poni.build/DerivedSources -Xcc -DDEBUG\=1 -module-name poni -frontend-parseable-output -disable-clang-spi -target-sdk-version 18.5 -target-sdk-name iphonesimulator18.5 -external-plugin-path /Applications/Xcode.app/Contents/Developer/Platforms/iPhoneOS.platform/Developer/usr/lib/swift/host/plugins\#/Applications/Xcode.app/Contents/Developer/Platforms/iPhoneOS.platform/Developer/usr/bin/swift-plugin-server -external-plugin-path /Applications/Xcode.app/Contents/Developer/Platforms/iPhoneOS.platform/Developer/usr/local/lib/swift/host/plugins\#/Applications/Xcode.app/Contents/Developer/Platforms/iPhoneOS.platform/Developer/usr/bin/swift-plugin-server -in-process-plugin-server-path /Applications/Xcode.app/Contents/Developer/Toolchains/XcodeDefault.xctoolchain/usr/lib/swift/host/libSwiftInProcPluginServer.dylib -plugin-path /Applications/Xcode.app/Contents/Developer/Toolchains/XcodeDefault.xctoolchain/usr/lib/swift/host/plugins -plugin-path /Applications/Xcode.app/Contents/Developer/Toolchains/XcodeDefault.xctoolchain/usr/local/lib/swift/host/plugins -o /Users/chalizardking/Library/Developer/Xcode/DerivedData/poni-akslzhmljifjeiaguhyradqogade/Build/Intermediates.noindex/poni.build/Debug-iphonesimulator/poni.build/Objects-normal/arm64/RealDataService.o -o /Users/chalizardking/Library/Developer/Xcode/DerivedData/poni-akslzhmljifjeiaguhyradqogade/Build/Intermediates.noindex/poni.build/Debug-iphonesimulator/poni.build/Objects-normal/arm64/RaceAnalysisView.o -index-unit-output-path /poni.build/Debug-iphonesimulator/poni.build/Objects-normal/arm64/RealDataService.o -index-unit-output-path /poni.build/Debug-iphonesimulator/poni.build/Objects-normal/arm64/RaceAnalysisView.o -index-store-path /Users/chalizardking/Library/Developer/Xcode/DerivedData/poni-akslzhmljifjeiaguhyradqogade/Index.noindex/DataStore -index-system-modules

SwiftCompile normal arm64 /Users/chalizardking/Desktop/ponini/poponi/poni/RealDataService.swift (in target 'poni' from project 'poni')
    cd /Users/chalizardking/Desktop/ponini/poponi
    
/Users/chalizardking/Desktop/ponini/poponi/poni/RealDataService.swift:112:10: error: invalid redeclaration of 'updateAPIKey'
    func updateAPIKey(_ key: String) {
         ^
/Users/chalizardking/Desktop/ponini/poponi/poni/DataSourceManager.swift:604:10: note: 'updateAPIKey' previously declared here
    func updateAPIKey(_ key: String) {
         ^
/Users/chalizardking/Desktop/ponini/poponi/poni/DataSourceManager.swift:604:10: note: 'updateAPIKey' previously declared here
    func updateAPIKey(_ key: String) {
         ^
/Users/chalizardking/Desktop/ponini/poponi/poni/RealDataService.swift:270:13: warning: initialization of immutable value 'results' was never used; consider replacing with assignment to '_' or removing it
        let results = try await fetchRaceResults()
        ~~~~^~~~~~~
        _

SwiftCompile normal arm64 /Users/chalizardking/Desktop/ponini/poponi/poni/RaceAnalysisView.swift (in target 'poni' from project 'poni')
    cd /Users/chalizardking/Desktop/ponini/poponi
    
/Users/chalizardking/Desktop/ponini/poponi/poni/HorseDetailView.swift:163:5: error: declaration is only valid at file scope
    extension Int {
    ^
/Users/chalizardking/Desktop/ponini/poponi/poni/HorseDetailView.swift:176:13: error: declaration is only valid at file scope
    private extension HorseDetailView {
            ^
/Users/chalizardking/Desktop/ponini/poponi/poni/ContentView.swift:242:97: error: cannot find 'Item' in scope
        .modelContainer(for: [Horse.self, Jockey.self, Trainer.self, Race.self, RaceEntry.self, Item.self], inMemory: true)
                                                                                                ^~~~
/Users/chalizardking/Desktop/ponini/poponi/poni/RaceAnalysisView.swift:100:46: error: cannot find 'classLevelColor' in scope
                            .foregroundColor(classLevelColor(horse.bestClassLevel))
                                             ^~~~~~~~~~~~~~~
/Users/chalizardking/Desktop/ponini/poponi/poni/RaceAnalysisView.swift:363:23: error: value of type 'Horse' has no member 'agePerformanceHistory'
            if !horse.agePerformanceHistory.isEmpty {
                ~~~~~ ^~~~~~~~~~~~~~~~~~~~~

SwiftCompile normal arm64 Compiling\ Racing.swift /Users/chalizardking/Desktop/ponini/poponi/poni/Racing.swift (in target 'poni' from project 'poni')

SwiftCompile normal arm64 /Users/chalizardking/Desktop/ponini/poponi/poni/Racing.swift (in target 'poni' from project 'poni')
    cd /Users/chalizardking/Desktop/ponini/poponi
    

SwiftEmitModule normal arm64 Emitting\ module\ for\ poni (in target 'poni' from project 'poni')
Failed frontend command:
/Applications/Xcode.app/Contents/Developer/Toolchains/XcodeDefault.xctoolchain/usr/bin/swift-frontend -frontend -emit-module -experimental-skip-non-inlinable-function-bodies-without-types /Users/chalizardking/Desktop/ponini/poponi/poni/AppearanceManager.swift /Users/chalizardking/Desktop/ponini/poponi/poni/poniApp.swift /Users/chalizardking/Desktop/ponini/poponi/poni/APITestingView.swift /Users/chalizardking/Desktop/ponini/poponi/poni/OnboardingView.swift /Users/chalizardking/Desktop/ponini/poponi/poni/HorseRacingView.swift /Users/chalizardking/Desktop/ponini/poponi/poni/HorseDetailView.swift /Users/chalizardking/Desktop/ponini/poponi/poni/DataStructures.swift /Users/chalizardking/Desktop/ponini/poponi/poni/DataMappingService.swift /Users/chalizardking/Desktop/ponini/poponi/poni/RealDataService.swift /Users/chalizardking/Desktop/ponini/poponi/poni/RaceAnalysisView.swift /Users/chalizardking/Desktop/ponini/poponi/poni/APIUsageExamples.swift /Users/chalizardking/Desktop/ponini/poponi/poni/APITestingService.swift /Users/chalizardking/Desktop/ponini/poponi/poni/HorseRacingDataService.swift /Users/chalizardking/Desktop/ponini/poponi/poni/Views/RaceDetailView.swift /Users/chalizardking/Desktop/ponini/poponi/poni/Horse.swift /Users/chalizardking/Desktop/ponini/poponi/poni/DataSourceManager.swift /Users/chalizardking/Desktop/ponini/poponi/poni/SettingsView.swift /Users/chalizardking/Desktop/ponini/poponi/poni/ContentView.swift /Users/chalizardking/Desktop/ponini/poponi/poni/Racing.swift /Users/chalizardking/Library/Developer/Xcode/DerivedData/poni-akslzhmljifjeiaguhyradqogade/Build/Intermediates.noindex/poni.build/Debug-iphonesimulator/poni.build/DerivedSources/GeneratedAssetSymbols.swift -target arm64-apple-ios18.5-simulator -Xllvm -aarch64-use-tbi -enable-objc-interop -sdk /Applications/Xcode.app/Contents/Developer/Platforms/iPhoneSimulator.platform/Developer/SDKs/iPhoneSimulator18.5.sdk -I /Users/chalizardking/Library/Developer/Xcode/DerivedData/poni-akslzhmljifjeiaguhyradqogade/Build/Products/Debug-iphonesimulator -F /Users/chalizardking/Library/Developer/Xcode/DerivedData/poni-akslzhmljifjeiaguhyradqogade/Build/Products/Debug-iphonesimulator -no-color-diagnostics -enable-testing -g -debug-info-format\=dwarf -dwarf-version\=5 -module-cache-path /Users/chalizardking/Library/Developer/Xcode/DerivedData/ModuleCache.noindex -profile-generate -profile-coverage-mapping -swift-version 5 -enforce-exclusivity\=checked -Onone -D DEBUG -serialize-debugging-options -const-gather-protocols-file /Users/chalizardking/Library/Developer/Xcode/DerivedData/poni-akslzhmljifjeiaguhyradqogade/Build/Intermediates.noindex/poni.build/Debug-iphonesimulator/poni.build/Objects-normal/arm64/poni_const_extract_protocols.json -enable-experimental-feature DebugDescriptionMacro -enable-bare-slash-regex -empty-abi-descriptor -validate-clang-modules-once -clang-build-session-file /Users/chalizardking/Library/Developer/Xcode/DerivedData/ModuleCache.noindex/Session.modulevalidation -Xcc -working-directory -Xcc /Users/chalizardking/Desktop/ponini/poponi -resource-dir /Applications/Xcode.app/Contents/Developer/Toolchains/XcodeDefault.xctoolchain/usr/lib/swift -enable-anonymous-context-mangled-names -file-compilation-dir /Users/chalizardking/Desktop/ponini/poponi -Xcc -ivfsstatcache -Xcc /Users/chalizardking/Library/Developer/Xcode/DerivedData/SDKStatCaches.noindex/iphonesimulator18.5-22F76-d5fc8ad4295d2ef488fb7d0f804ce0c4.sdkstatcache -Xcc -I/Users/chalizardking/Library/Developer/Xcode/DerivedData/poni-akslzhmljifjeiaguhyradqogade/Build/Intermediates.noindex/poni.build/Debug-iphonesimulator/poni.build/swift-overrides.hmap -Xcc -iquote -Xcc /Users/chalizardking/Library/Developer/Xcode/DerivedData/poni-akslzhmljifjeiaguhyradqogade/Build/Intermediates.noindex/poni.build/Debug-iphonesimulator/poni.build/poni-generated-files.hmap -Xcc -I/Users/chalizardking/Library/Developer/Xcode/DerivedData/poni-akslzhmljifjeiaguhyradqogade/Build/Intermediates.noindex/poni.build/Debug-iphonesimulator/poni.build/poni-own-target-headers.hmap -Xcc -I/Users/chalizardking/Library/Developer/Xcode/DerivedData/poni-akslzhmljifjeiaguhyradqogade/Build/Intermediates.noindex/poni.build/Debug-iphonesimulator/poni.build/poni-all-target-headers.hmap -Xcc -iquote -Xcc /Users/chalizardking/Library/Developer/Xcode/DerivedData/poni-akslzhmljifjeiaguhyradqogade/Build/Intermediates.noindex/poni.build/Debug-iphonesimulator/poni.build/poni-project-headers.hmap -Xcc -I/Users/chalizardking/Library/Developer/Xcode/DerivedData/poni-akslzhmljifjeiaguhyradqogade/Build/Products/Debug-iphonesimulator/include -Xcc -I/Users/chalizardking/Library/Developer/Xcode/DerivedData/poni-akslzhmljifjeiaguhyradqogade/Build/Intermediates.noindex/poni.build/Debug-iphonesimulator/poni.build/DerivedSources-normal/arm64 -Xcc -I/Users/chalizardking/Library/Developer/Xcode/DerivedData/poni-akslzhmljifjeiaguhyradqogade/Build/Intermediates.noindex/poni.build/Debug-iphonesimulator/poni.build/DerivedSources/arm64 -Xcc -I/Users/chalizardking/Library/Developer/Xcode/DerivedData/poni-akslzhmljifjeiaguhyradqogade/Build/Intermediates.noindex/poni.build/Debug-iphonesimulator/poni.build/DerivedSources -Xcc -DDEBUG\=1 -module-name poni -frontend-parseable-output -disable-clang-spi -target-sdk-version 18.5 -target-sdk-name iphonesimulator18.5 -external-plugin-path /Applications/Xcode.app/Contents/Developer/Platforms/iPhoneOS.platform/Developer/usr/lib/swift/host/plugins\#/Applications/Xcode.app/Contents/Developer/Platforms/iPhoneOS.platform/Developer/usr/bin/swift-plugin-server -external-plugin-path /Applications/Xcode.app/Contents/Developer/Platforms/iPhoneOS.platform/Developer/usr/local/lib/swift/host/plugins\#/Applications/Xcode.app/Contents/Developer/Platforms/iPhoneOS.platform/Developer/usr/bin/swift-plugin-server -in-process-plugin-server-path /Applications/Xcode.app/Contents/Developer/Toolchains/XcodeDefault.xctoolchain/usr/lib/swift/host/libSwiftInProcPluginServer.dylib -plugin-path /Applications/Xcode.app/Contents/Developer/Toolchains/XcodeDefault.xctoolchain/usr/lib/swift/host/plugins -plugin-path /Applications/Xcode.app/Contents/Developer/Toolchains/XcodeDefault.xctoolchain/usr/local/lib/swift/host/plugins -emit-module-doc-path /Users/chalizardking/Library/Developer/Xcode/DerivedData/poni-akslzhmljifjeiaguhyradqogade/Build/Intermediates.noindex/poni.build/Debug-iphonesimulator/poni.build/Objects-normal/arm64/poni.swiftdoc -emit-module-source-info-path /Users/chalizardking/Library/Developer/Xcode/DerivedData/poni-akslzhmljifjeiaguhyradqogade/Build/Intermediates.noindex/poni.build/Debug-iphonesimulator/poni.build/Objects-normal/arm64/poni.swiftsourceinfo -emit-objc-header-path /Users/chalizardking/Library/Developer/Xcode/DerivedData/poni-akslzhmljifjeiaguhyradqogade/Build/Intermediates.noindex/poni.build/Debug-iphonesimulator/poni.build/Objects-normal/arm64/poni-Swift.h -serialize-diagnostics-path /Users/chalizardking/Library/Developer/Xcode/DerivedData/poni-akslzhmljifjeiaguhyradqogade/Build/Intermediates.noindex/poni.build/Debug-iphonesimulator/poni.build/Objects-normal/arm64/poni-master-emit-module.dia -emit-dependencies-path /Users/chalizardking/Library/Developer/Xcode/DerivedData/poni-akslzhmljifjeiaguhyradqogade/Build/Intermediates.noindex/poni.build/Debug-iphonesimulator/poni.build/Objects-normal/arm64/poni-master-emit-module.d -o /Users/chalizardking/Library/Developer/Xcode/DerivedData/poni-akslzhmljifjeiaguhyradqogade/Build/Intermediates.noindex/poni.build/Debug-iphonesimulator/poni.build/Objects-normal/arm64/poni.swiftmodule -emit-abi-descriptor-path /Users/chalizardking/Library/Developer/Xcode/DerivedData/poni-akslzhmljifjeiaguhyradqogade/Build/Intermediates.noindex/poni.build/Debug-iphonesimulator/poni.build/Objects-normal/arm64/poni.abi.json

EmitSwiftModule normal arm64 (in target 'poni' from project 'poni')
    cd /Users/chalizardking/Desktop/ponini/poponi
    
/Users/chalizardking/Desktop/ponini/poponi/poni/HorseDetailView.swift:163:5: error: declaration is only valid at file scope
    extension Int {
    ^
/Users/chalizardking/Desktop/ponini/poponi/poni/HorseDetailView.swift:176:13: error: declaration is only valid at file scope
    private extension HorseDetailView {
            ^
/Users/chalizardking/Desktop/ponini/poponi/poni/ContentView.swift:242:97: error: cannot find 'Item' in scope
        .modelContainer(for: [Horse.self, Jockey.self, Trainer.self, Race.self, RaceEntry.self, Item.self], inMemory: true)
                                                                                                ^~~~
/Users/chalizardking/Desktop/ponini/poponi/poni/RealDataService.swift:112:10: error: invalid redeclaration of 'updateAPIKey'
    func updateAPIKey(_ key: String) {
         ^
/Users/chalizardking/Desktop/ponini/poponi/poni/DataSourceManager.swift:604:10: note: 'updateAPIKey' previously declared here
    func updateAPIKey(_ key: String) {
         ^
/Users/chalizardking/Desktop/ponini/poponi/poni/DataSourceManager.swift:604:10: note: 'updateAPIKey' previously declared here
    func updateAPIKey(_ key: String) {
         ^
/Users/chalizardking/Desktop/ponini/poponi/poni/DataSourceManager.swift:86:64: warning: main actor-isolated static property 'shared' can not be referenced from a nonisolated context; this is an error in the Swift 6 language mode
        realService: RealDataServiceProtocol = RealDataService.shared,
                                                               ^
/Users/chalizardking/Desktop/ponini/poponi/poni/RealDataService.swift:98:16: note: static property declared here
    static let shared = RealDataService()
               ^
/Users/chalizardking/Desktop/ponini/poponi/poni/DataSourceManager.swift:599:9: warning: main actor-isolated property 'apiKey' cannot be used to satisfy nonisolated requirement from protocol 'RealDataServiceProtocol'; this is an error in the Swift 6 language mode
    var apiKey: String {
        ^
/Users/chalizardking/Desktop/ponini/poponi/poni/DataSourceManager.swift:598:28: note: add '@preconcurrency' to the 'RealDataServiceProtocol' conformance to defer isolation checking to run time
extension RealDataService: RealDataServiceProtocol {
                           ^
                           @preconcurrency 
/Users/chalizardking/Desktop/ponini/poponi/poni/DataSourceManager.swift:584:9: note: requirement 'apiKey' declared here
    var apiKey: String { get set }
        ^
/Users/chalizardking/Desktop/ponini/poponi/poni/DataSourceManager.swift:604:10: warning: main actor-isolated instance method 'updateAPIKey' cannot be used to satisfy nonisolated requirement from protocol 'RealDataServiceProtocol'; this is an error in the Swift 6 language mode
    func updateAPIKey(_ key: String) {
         ^
/Users/chalizardking/Desktop/ponini/poponi/poni/DataSourceManager.swift:604:10: note: add 'nonisolated' to 'updateAPIKey' to make this instance method not isolated to the actor
    func updateAPIKey(_ key: String) {
         ^
    nonisolated 
/Users/chalizardking/Desktop/ponini/poponi/poni/DataSourceManager.swift:593:10: note: mark the protocol requirement 'updateAPIKey' 'async' to allow actor-isolated conformances
    func updateAPIKey(_ key: String)
         ^
                                     async

SwiftCompile normal arm64 Compiling\ APITestingView.swift,\ OnboardingView.swift /Users/chalizardking/Desktop/ponini/poponi/poni/APITestingView.swift /Users/chalizardking/Desktop/ponini/poponi/poni/OnboardingView.swift (in target 'poni' from project 'poni')
Failed frontend command:
/Applications/Xcode.app/Contents/Developer/Toolchains/XcodeDefault.xctoolchain/usr/bin/swift-frontend -frontend -c /Users/chalizardking/Desktop/ponini/poponi/poni/AppearanceManager.swift /Users/chalizardking/Desktop/ponini/poponi/poni/poniApp.swift -primary-file /Users/chalizardking/Desktop/ponini/poponi/poni/APITestingView.swift -primary-file /Users/chalizardking/Desktop/ponini/poponi/poni/OnboardingView.swift /Users/chalizardking/Desktop/ponini/poponi/poni/HorseRacingView.swift /Users/chalizardking/Desktop/ponini/poponi/poni/HorseDetailView.swift /Users/chalizardking/Desktop/ponini/poponi/poni/DataStructures.swift /Users/chalizardking/Desktop/ponini/poponi/poni/DataMappingService.swift /Users/chalizardking/Desktop/ponini/poponi/poni/RealDataService.swift /Users/chalizardking/Desktop/ponini/poponi/poni/RaceAnalysisView.swift /Users/chalizardking/Desktop/ponini/poponi/poni/APIUsageExamples.swift /Users/chalizardking/Desktop/ponini/poponi/poni/APITestingService.swift /Users/chalizardking/Desktop/ponini/poponi/poni/HorseRacingDataService.swift /Users/chalizardking/Desktop/ponini/poponi/poni/Views/RaceDetailView.swift /Users/chalizardking/Desktop/ponini/poponi/poni/Horse.swift /Users/chalizardking/Desktop/ponini/poponi/poni/DataSourceManager.swift /Users/chalizardking/Desktop/ponini/poponi/poni/SettingsView.swift /Users/chalizardking/Desktop/ponini/poponi/poni/ContentView.swift /Users/chalizardking/Desktop/ponini/poponi/poni/Racing.swift /Users/chalizardking/Library/Developer/Xcode/DerivedData/poni-akslzhmljifjeiaguhyradqogade/Build/Intermediates.noindex/poni.build/Debug-iphonesimulator/poni.build/DerivedSources/GeneratedAssetSymbols.swift -emit-dependencies-path /Users/chalizardking/Library/Developer/Xcode/DerivedData/poni-akslzhmljifjeiaguhyradqogade/Build/Intermediates.noindex/poni.build/Debug-iphonesimulator/poni.build/Objects-normal/arm64/APITestingView.d -emit-const-values-path /Users/chalizardking/Library/Developer/Xcode/DerivedData/poni-akslzhmljifjeiaguhyradqogade/Build/Intermediates.noindex/poni.build/Debug-iphonesimulator/poni.build/Objects-normal/arm64/APITestingView.swiftconstvalues -emit-reference-dependencies-path /Users/chalizardking/Library/Developer/Xcode/DerivedData/poni-akslzhmljifjeiaguhyradqogade/Build/Intermediates.noindex/poni.build/Debug-iphonesimulator/poni.build/Objects-normal/arm64/APITestingView.swiftdeps -serialize-diagnostics-path /Users/chalizardking/Library/Developer/Xcode/DerivedData/poni-akslzhmljifjeiaguhyradqogade/Build/Intermediates.noindex/poni.build/Debug-iphonesimulator/poni.build/Objects-normal/arm64/APITestingView.dia -emit-dependencies-path /Users/chalizardking/Library/Developer/Xcode/DerivedData/poni-akslzhmljifjeiaguhyradqogade/Build/Intermediates.noindex/poni.build/Debug-iphonesimulator/poni.build/Objects-normal/arm64/OnboardingView.d -emit-const-values-path /Users/chalizardking/Library/Developer/Xcode/DerivedData/poni-akslzhmljifjeiaguhyradqogade/Build/Intermediates.noindex/poni.build/Debug-iphonesimulator/poni.build/Objects-normal/arm64/OnboardingView.swiftconstvalues -emit-reference-dependencies-path /Users/chalizardking/Library/Developer/Xcode/DerivedData/poni-akslzhmljifjeiaguhyradqogade/Build/Intermediates.noindex/poni.build/Debug-iphonesimulator/poni.build/Objects-normal/arm64/OnboardingView.swiftdeps -serialize-diagnostics-path /Users/chalizardking/Library/Developer/Xcode/DerivedData/poni-akslzhmljifjeiaguhyradqogade/Build/Intermediates.noindex/poni.build/Debug-iphonesimulator/poni.build/Objects-normal/arm64/OnboardingView.dia -emit-localized-strings -emit-localized-strings-path /Users/chalizardking/Library/Developer/Xcode/DerivedData/poni-akslzhmljifjeiaguhyradqogade/Build/Intermediates.noindex/poni.build/Debug-iphonesimulator/poni.build/Objects-normal/arm64 -target arm64-apple-ios18.5-simulator -Xllvm -aarch64-use-tbi -enable-objc-interop -sdk /Applications/Xcode.app/Contents/Developer/Platforms/iPhoneSimulator.platform/Developer/SDKs/iPhoneSimulator18.5.sdk -I /Users/chalizardking/Library/Developer/Xcode/DerivedData/poni-akslzhmljifjeiaguhyradqogade/Build/Products/Debug-iphonesimulator -F /Users/chalizardking/Library/Developer/Xcode/DerivedData/poni-akslzhmljifjeiaguhyradqogade/Build/Products/Debug-iphonesimulator -no-color-diagnostics -enable-testing -g -debug-info-format\=dwarf -dwarf-version\=5 -module-cache-path /Users/chalizardking/Library/Developer/Xcode/DerivedData/ModuleCache.noindex -profile-generate -profile-coverage-mapping -swift-version 5 -enforce-exclusivity\=checked -Onone -D DEBUG -serialize-debugging-options -const-gather-protocols-file /Users/chalizardking/Library/Developer/Xcode/DerivedData/poni-akslzhmljifjeiaguhyradqogade/Build/Intermediates.noindex/poni.build/Debug-iphonesimulator/poni.build/Objects-normal/arm64/poni_const_extract_protocols.json -enable-experimental-feature DebugDescriptionMacro -enable-bare-slash-regex -empty-abi-descriptor -validate-clang-modules-once -clang-build-session-file /Users/chalizardking/Library/Developer/Xcode/DerivedData/ModuleCache.noindex/Session.modulevalidation -Xcc -working-directory -Xcc /Users/chalizardking/Desktop/ponini/poponi -resource-dir /Applications/Xcode.app/Contents/Developer/Toolchains/XcodeDefault.xctoolchain/usr/lib/swift -enable-anonymous-context-mangled-names -file-compilation-dir /Users/chalizardking/Desktop/ponini/poponi -Xcc -ivfsstatcache -Xcc /Users/chalizardking/Library/Developer/Xcode/DerivedData/SDKStatCaches.noindex/iphonesimulator18.5-22F76-d5fc8ad4295d2ef488fb7d0f804ce0c4.sdkstatcache -Xcc -I/Users/chalizardking/Library/Developer/Xcode/DerivedData/poni-akslzhmljifjeiaguhyradqogade/Build/Intermediates.noindex/poni.build/Debug-iphonesimulator/poni.build/swift-overrides.hmap -Xcc -iquote -Xcc /Users/chalizardking/Library/Developer/Xcode/DerivedData/poni-akslzhmljifjeiaguhyradqogade/Build/Intermediates.noindex/poni.build/Debug-iphonesimulator/poni.build/poni-generated-files.hmap -Xcc -I/Users/chalizardking/Library/Developer/Xcode/DerivedData/poni-akslzhmljifjeiaguhyradqogade/Build/Intermediates.noindex/poni.build/Debug-iphonesimulator/poni.build/poni-own-target-headers.hmap -Xcc -I/Users/chalizardking/Library/Developer/Xcode/DerivedData/poni-akslzhmljifjeiaguhyradqogade/Build/Intermediates.noindex/poni.build/Debug-iphonesimulator/poni.build/poni-all-target-headers.hmap -Xcc -iquote -Xcc /Users/chalizardking/Library/Developer/Xcode/DerivedData/poni-akslzhmljifjeiaguhyradqogade/Build/Intermediates.noindex/poni.build/Debug-iphonesimulator/poni.build/poni-project-headers.hmap -Xcc -I/Users/chalizardking/Library/Developer/Xcode/DerivedData/poni-akslzhmljifjeiaguhyradqogade/Build/Products/Debug-iphonesimulator/include -Xcc -I/Users/chalizardking/Library/Developer/Xcode/DerivedData/poni-akslzhmljifjeiaguhyradqogade/Build/Intermediates.noindex/poni.build/Debug-iphonesimulator/poni.build/DerivedSources-normal/arm64 -Xcc -I/Users/chalizardking/Library/Developer/Xcode/DerivedData/poni-akslzhmljifjeiaguhyradqogade/Build/Intermediates.noindex/poni.build/Debug-iphonesimulator/poni.build/DerivedSources/arm64 -Xcc -I/Users/chalizardking/Library/Developer/Xcode/DerivedData/poni-akslzhmljifjeiaguhyradqogade/Build/Intermediates.noindex/poni.build/Debug-iphonesimulator/poni.build/DerivedSources -Xcc -DDEBUG\=1 -module-name poni -frontend-parseable-output -disable-clang-spi -target-sdk-version 18.5 -target-sdk-name iphonesimulator18.5 -external-plugin-path /Applications/Xcode.app/Contents/Developer/Platforms/iPhoneOS.platform/Developer/usr/lib/swift/host/plugins\#/Applications/Xcode.app/Contents/Developer/Platforms/iPhoneOS.platform/Developer/usr/bin/swift-plugin-server -external-plugin-path /Applications/Xcode.app/Contents/Developer/Platforms/iPhoneOS.platform/Developer/usr/local/lib/swift/host/plugins\#/Applications/Xcode.app/Contents/Developer/Platforms/iPhoneOS.platform/Developer/usr/bin/swift-plugin-server -in-process-plugin-server-path /Applications/Xcode.app/Contents/Developer/Toolchains/XcodeDefault.xctoolchain/usr/lib/swift/host/libSwiftInProcPluginServer.dylib -plugin-path /Applications/Xcode.app/Contents/Developer/Toolchains/XcodeDefault.xctoolchain/usr/lib/swift/host/plugins -plugin-path /Applications/Xcode.app/Contents/Developer/Toolchains/XcodeDefault.xctoolchain/usr/local/lib/swift/host/plugins -o /Users/chalizardking/Library/Developer/Xcode/DerivedData/poni-akslzhmljifjeiaguhyradqogade/Build/Intermediates.noindex/poni.build/Debug-iphonesimulator/poni.build/Objects-normal/arm64/APITestingView.o -o /Users/chalizardking/Library/Developer/Xcode/DerivedData/poni-akslzhmljifjeiaguhyradqogade/Build/Intermediates.noindex/poni.build/Debug-iphonesimulator/poni.build/Objects-normal/arm64/OnboardingView.o -index-unit-output-path /poni.build/Debug-iphonesimulator/poni.build/Objects-normal/arm64/APITestingView.o -index-unit-output-path /poni.build/Debug-iphonesimulator/poni.build/Objects-normal/arm64/OnboardingView.o -index-store-path /Users/chalizardking/Library/Developer/Xcode/DerivedData/poni-akslzhmljifjeiaguhyradqogade/Index.noindex/DataStore -index-system-modules

SwiftCompile normal arm64 /Users/chalizardking/Desktop/ponini/poponi/poni/APITestingView.swift (in target 'poni' from project 'poni')
    cd /Users/chalizardking/Desktop/ponini/poponi
    

SwiftCompile normal arm64 /Users/chalizardking/Desktop/ponini/poponi/poni/OnboardingView.swift (in target 'poni' from project 'poni')
    cd /Users/chalizardking/Desktop/ponini/poponi
    
/Users/chalizardking/Desktop/ponini/poponi/poni/HorseDetailView.swift:163:5: error: declaration is only valid at file scope
    extension Int {
    ^
/Users/chalizardking/Desktop/ponini/poponi/poni/HorseDetailView.swift:176:13: error: declaration is only valid at file scope
    private extension HorseDetailView {
            ^
/Users/chalizardking/Desktop/ponini/poponi/poni/ContentView.swift:242:97: error: cannot find 'Item' in scope
        .modelContainer(for: [Horse.self, Jockey.self, Trainer.self, Race.self, RaceEntry.self, Item.self], inMemory: true)
                                                                                                ^~~~
/Users/chalizardking/Desktop/ponini/poponi/poni/OnboardingView.swift:149:27: warning: result of call to 'configureAPIKey' is unused
        dataSourceManager.configureAPIKey(apiKey)
                          ^              ~~~~~~~~

SwiftCompile normal arm64 Compiling\ DataSourceManager.swift /Users/chalizardking/Desktop/ponini/poponi/poni/DataSourceManager.swift (in target 'poni' from project 'poni')
Failed frontend command:
/Applications/Xcode.app/Contents/Developer/Toolchains/XcodeDefault.xctoolchain/usr/bin/swift-frontend -frontend -c /Users/chalizardking/Desktop/ponini/poponi/poni/AppearanceManager.swift /Users/chalizardking/Desktop/ponini/poponi/poni/poniApp.swift /Users/chalizardking/Desktop/ponini/poponi/poni/APITestingView.swift /Users/chalizardking/Desktop/ponini/poponi/poni/OnboardingView.swift /Users/chalizardking/Desktop/ponini/poponi/poni/HorseRacingView.swift /Users/chalizardking/Desktop/ponini/poponi/poni/HorseDetailView.swift /Users/chalizardking/Desktop/ponini/poponi/poni/DataStructures.swift /Users/chalizardking/Desktop/ponini/poponi/poni/DataMappingService.swift /Users/chalizardking/Desktop/ponini/poponi/poni/RealDataService.swift /Users/chalizardking/Desktop/ponini/poponi/poni/RaceAnalysisView.swift /Users/chalizardking/Desktop/ponini/poponi/poni/APIUsageExamples.swift /Users/chalizardking/Desktop/ponini/poponi/poni/APITestingService.swift /Users/chalizardking/Desktop/ponini/poponi/poni/HorseRacingDataService.swift /Users/chalizardking/Desktop/ponini/poponi/poni/Views/RaceDetailView.swift /Users/chalizardking/Desktop/ponini/poponi/poni/Horse.swift -primary-file /Users/chalizardking/Desktop/ponini/poponi/poni/DataSourceManager.swift /Users/chalizardking/Desktop/ponini/poponi/poni/SettingsView.swift /Users/chalizardking/Desktop/ponini/poponi/poni/ContentView.swift /Users/chalizardking/Desktop/ponini/poponi/poni/Racing.swift /Users/chalizardking/Library/Developer/Xcode/DerivedData/poni-akslzhmljifjeiaguhyradqogade/Build/Intermediates.noindex/poni.build/Debug-iphonesimulator/poni.build/DerivedSources/GeneratedAssetSymbols.swift -emit-dependencies-path /Users/chalizardking/Library/Developer/Xcode/DerivedData/poni-akslzhmljifjeiaguhyradqogade/Build/Intermediates.noindex/poni.build/Debug-iphonesimulator/poni.build/Objects-normal/arm64/DataSourceManager.d -emit-const-values-path /Users/chalizardking/Library/Developer/Xcode/DerivedData/poni-akslzhmljifjeiaguhyradqogade/Build/Intermediates.noindex/poni.build/Debug-iphonesimulator/poni.build/Objects-normal/arm64/DataSourceManager.swiftconstvalues -emit-reference-dependencies-path /Users/chalizardking/Library/Developer/Xcode/DerivedData/poni-akslzhmljifjeiaguhyradqogade/Build/Intermediates.noindex/poni.build/Debug-iphonesimulator/poni.build/Objects-normal/arm64/DataSourceManager.swiftdeps -serialize-diagnostics-path /Users/chalizardking/Library/Developer/Xcode/DerivedData/poni-akslzhmljifjeiaguhyradqogade/Build/Intermediates.noindex/poni.build/Debug-iphonesimulator/poni.build/Objects-normal/arm64/DataSourceManager.dia -emit-localized-strings -emit-localized-strings-path /Users/chalizardking/Library/Developer/Xcode/DerivedData/poni-akslzhmljifjeiaguhyradqogade/Build/Intermediates.noindex/poni.build/Debug-iphonesimulator/poni.build/Objects-normal/arm64 -target arm64-apple-ios18.5-simulator -Xllvm -aarch64-use-tbi -enable-objc-interop -sdk /Applications/Xcode.app/Contents/Developer/Platforms/iPhoneSimulator.platform/Developer/SDKs/iPhoneSimulator18.5.sdk -I /Users/chalizardking/Library/Developer/Xcode/DerivedData/poni-akslzhmljifjeiaguhyradqogade/Build/Products/Debug-iphonesimulator -F /Users/chalizardking/Library/Developer/Xcode/DerivedData/poni-akslzhmljifjeiaguhyradqogade/Build/Products/Debug-iphonesimulator -no-color-diagnostics -enable-testing -g -debug-info-format\=dwarf -dwarf-version\=5 -module-cache-path /Users/chalizardking/Library/Developer/Xcode/DerivedData/ModuleCache.noindex -profile-generate -profile-coverage-mapping -swift-version 5 -enforce-exclusivity\=checked -Onone -D DEBUG -serialize-debugging-options -const-gather-protocols-file /Users/chalizardking/Library/Developer/Xcode/DerivedData/poni-akslzhmljifjeiaguhyradqogade/Build/Intermediates.noindex/poni.build/Debug-iphonesimulator/poni.build/Objects-normal/arm64/poni_const_extract_protocols.json -enable-experimental-feature DebugDescriptionMacro -enable-bare-slash-regex -empty-abi-descriptor -validate-clang-modules-once -clang-build-session-file /Users/chalizardking/Library/Developer/Xcode/DerivedData/ModuleCache.noindex/Session.modulevalidation -Xcc -working-directory -Xcc /Users/chalizardking/Desktop/ponini/poponi -resource-dir /Applications/Xcode.app/Contents/Developer/Toolchains/XcodeDefault.xctoolchain/usr/lib/swift -enable-anonymous-context-mangled-names -file-compilation-dir /Users/chalizardking/Desktop/ponini/poponi -Xcc -ivfsstatcache -Xcc /Users/chalizardking/Library/Developer/Xcode/DerivedData/SDKStatCaches.noindex/iphonesimulator18.5-22F76-d5fc8ad4295d2ef488fb7d0f804ce0c4.sdkstatcache -Xcc -I/Users/chalizardking/Library/Developer/Xcode/DerivedData/poni-akslzhmljifjeiaguhyradqogade/Build/Intermediates.noindex/poni.build/Debug-iphonesimulator/poni.build/swift-overrides.hmap -Xcc -iquote -Xcc /Users/chalizardking/Library/Developer/Xcode/DerivedData/poni-akslzhmljifjeiaguhyradqogade/Build/Intermediates.noindex/poni.build/Debug-iphonesimulator/poni.build/poni-generated-files.hmap -Xcc -I/Users/chalizardking/Library/Developer/Xcode/DerivedData/poni-akslzhmljifjeiaguhyradqogade/Build/Intermediates.noindex/poni.build/Debug-iphonesimulator/poni.build/poni-own-target-headers.hmap -Xcc -I/Users/chalizardking/Library/Developer/Xcode/DerivedData/poni-akslzhmljifjeiaguhyradqogade/Build/Intermediates.noindex/poni.build/Debug-iphonesimulator/poni.build/poni-all-target-headers.hmap -Xcc -iquote -Xcc /Users/chalizardking/Library/Developer/Xcode/DerivedData/poni-akslzhmljifjeiaguhyradqogade/Build/Intermediates.noindex/poni.build/Debug-iphonesimulator/poni.build/poni-project-headers.hmap -Xcc -I/Users/chalizardking/Library/Developer/Xcode/DerivedData/poni-akslzhmljifjeiaguhyradqogade/Build/Products/Debug-iphonesimulator/include -Xcc -I/Users/chalizardking/Library/Developer/Xcode/DerivedData/poni-akslzhmljifjeiaguhyradqogade/Build/Intermediates.noindex/poni.build/Debug-iphonesimulator/poni.build/DerivedSources-normal/arm64 -Xcc -I/Users/chalizardking/Library/Developer/Xcode/DerivedData/poni-akslzhmljifjeiaguhyradqogade/Build/Intermediates.noindex/poni.build/Debug-iphonesimulator/poni.build/DerivedSources/arm64 -Xcc -I/Users/chalizardking/Library/Developer/Xcode/DerivedData/poni-akslzhmljifjeiaguhyradqogade/Build/Intermediates.noindex/poni.build/Debug-iphonesimulator/poni.build/DerivedSources -Xcc -DDEBUG\=1 -module-name poni -frontend-parseable-output -disable-clang-spi -target-sdk-version 18.5 -target-sdk-name iphonesimulator18.5 -external-plugin-path /Applications/Xcode.app/Contents/Developer/Platforms/iPhoneOS.platform/Developer/usr/lib/swift/host/plugins\#/Applications/Xcode.app/Contents/Developer/Platforms/iPhoneOS.platform/Developer/usr/bin/swift-plugin-server -external-plugin-path /Applications/Xcode.app/Contents/Developer/Platforms/iPhoneOS.platform/Developer/usr/local/lib/swift/host/plugins\#/Applications/Xcode.app/Contents/Developer/Platforms/iPhoneOS.platform/Developer/usr/bin/swift-plugin-server -in-process-plugin-server-path /Applications/Xcode.app/Contents/Developer/Toolchains/XcodeDefault.xctoolchain/usr/lib/swift/host/libSwiftInProcPluginServer.dylib -plugin-path /Applications/Xcode.app/Contents/Developer/Toolchains/XcodeDefault.xctoolchain/usr/lib/swift/host/plugins -plugin-path /Applications/Xcode.app/Contents/Developer/Toolchains/XcodeDefault.xctoolchain/usr/local/lib/swift/host/plugins -o /Users/chalizardking/Library/Developer/Xcode/DerivedData/poni-akslzhmljifjeiaguhyradqogade/Build/Intermediates.noindex/poni.build/Debug-iphonesimulator/poni.build/Objects-normal/arm64/DataSourceManager.o -index-unit-output-path /poni.build/Debug-iphonesimulator/poni.build/Objects-normal/arm64/DataSourceManager.o -index-store-path /Users/chalizardking/Library/Developer/Xcode/DerivedData/poni-akslzhmljifjeiaguhyradqogade/Index.noindex/DataStore -index-system-modules

SwiftCompile normal arm64 /Users/chalizardking/Desktop/ponini/poponi/poni/DataSourceManager.swift (in target 'poni' from project 'poni')
    cd /Users/chalizardking/Desktop/ponini/poponi
    
/Users/chalizardking/Desktop/ponini/poponi/poni/DataSourceManager.swift:86:64: warning: main actor-isolated static property 'shared' can not be referenced from a nonisolated context; this is an error in the Swift 6 language mode
        realService: RealDataServiceProtocol = RealDataService.shared,
                                                               ^
/Users/chalizardking/Desktop/ponini/poponi/poni/RealDataService.swift:98:16: note: static property declared here
    static let shared = RealDataService()
               ^
/Users/chalizardking/Desktop/ponini/poponi/poni/DataSourceManager.swift:604:10: error: invalid redeclaration of 'updateAPIKey'
    func updateAPIKey(_ key: String) {
         ^
/Users/chalizardking/Desktop/ponini/poponi/poni/RealDataService.swift:112:10: note: 'updateAPIKey' previously declared here
    func updateAPIKey(_ key: String) {
         ^
/Users/chalizardking/Desktop/ponini/poponi/poni/RealDataService.swift:112:10: note: 'updateAPIKey' previously declared here
    func updateAPIKey(_ key: String) {
         ^
/Users/chalizardking/Desktop/ponini/poponi/poni/DataSourceManager.swift:599:9: warning: main actor-isolated property 'apiKey' cannot be used to satisfy nonisolated requirement from protocol 'RealDataServiceProtocol'; this is an error in the Swift 6 language mode
    var apiKey: String {
        ^
/Users/chalizardking/Desktop/ponini/poponi/poni/DataSourceManager.swift:598:28: note: add '@preconcurrency' to the 'RealDataServiceProtocol' conformance to defer isolation checking to run time
extension RealDataService: RealDataServiceProtocol {
                           ^
                           @preconcurrency 
/Users/chalizardking/Desktop/ponini/poponi/poni/DataSourceManager.swift:584:9: note: requirement 'apiKey' declared here
    var apiKey: String { get set }
        ^
/Users/chalizardking/Desktop/ponini/poponi/poni/RealDataService.swift:112:10: warning: main actor-isolated instance method 'updateAPIKey' cannot be used to satisfy nonisolated requirement from protocol 'RealDataServiceProtocol'; this is an error in the Swift 6 language mode
    func updateAPIKey(_ key: String) {
         ^
/Users/chalizardking/Desktop/ponini/poponi/poni/RealDataService.swift:112:10: note: add 'nonisolated' to 'updateAPIKey' to make this instance method not isolated to the actor
    func updateAPIKey(_ key: String) {
         ^
    nonisolated 
/Users/chalizardking/Desktop/ponini/poponi/poni/DataSourceManager.swift:593:10: note: mark the protocol requirement 'updateAPIKey' 'async' to allow actor-isolated conformances
    func updateAPIKey(_ key: String)
         ^
                                     async
/Users/chalizardking/Desktop/ponini/poponi/poni/DataSourceManager.swift:175:9: warning: conformance of 'Horse' to 'Sendable' is unavailable: PersistentModels are not Sendable, consider utilizing a ModelActor or use Horse's persistentModelID instead; this is an error in the Swift 6 language mode
        Task {
        ^
@__swiftmacro_4poni5Horse5ModelfMe_.swift:9:1: note: conformance of 'Horse' to 'Sendable' has been explicitly marked unavailable here
extension Horse: Sendable {
^
/Users/chalizardking/Desktop/ponini/poponi/poni/Horse.swift:4:1: note: in expansion of macro 'Model' on class 'Horse' here
@Model
^~~~~~
/Users/chalizardking/Desktop/ponini/poponi/poni/Horse.swift:4:1: note: in expansion of macro 'Model' on class 'Horse' here
@Model
^~~~~~
/Users/chalizardking/Desktop/ponini/poponi/poni/DataSourceManager.swift:175:9: warning: conformance of 'Horse' to 'Sendable' is unavailable: PersistentModels are not Sendable, consider utilizing a ModelActor or use Horse's persistentModelID instead; this is an error in the Swift 6 language mode
        Task {
        ^
@__swiftmacro_4poni5Horse5ModelfMe_.swift:9:1: note: conformance of 'Horse' to 'Sendable' has been explicitly marked unavailable here
extension Horse: Sendable {
^
/Users/chalizardking/Desktop/ponini/poponi/poni/Horse.swift:4:1: note: in expansion of macro 'Model' on class 'Horse' here
@Model
^~~~~~
/Users/chalizardking/Desktop/ponini/poponi/poni/Horse.swift:4:1: note: in expansion of macro 'Model' on class 'Horse' here
@Model
^~~~~~
/Users/chalizardking/Desktop/ponini/poponi/poni/DataSourceManager.swift:204:76: warning: left side of nil coalescing operator '??' has non-optional type '[Horse]', so the right side is never used
                return await fetchCachedHorses(query: query, limit: limit) ?? []
                             ~~~~~~~~~~~~~~~~~~~~~~~~~~~~~~~~~~~~~~~~~~~~~~^~~~~
                                                                          
/Users/chalizardking/Desktop/ponini/poponi/poni/DataSourceManager.swift:202:19: error: implicit use of 'self' in closure; use 'self.' to make capture semantics explicit
            guard isNetworkAvailable() else {
                  ^
/Users/chalizardking/Desktop/ponini/poponi/poni/DataSourceManager.swift:203:17: error: reference to property 'logger' in closure requires explicit use of 'self' to make capture semantics explicit
                logger.error("No network connection available")
                ^
/Users/chalizardking/Desktop/ponini/poponi/poni/DataSourceManager.swift:203:17: note: reference 'self.' explicitly
                logger.error("No network connection available")
                ^
                self.
/Users/chalizardking/Desktop/ponini/poponi/poni/DataSourceManager.swift:200:40: note: capture 'self' explicitly to enable implicit 'self' in this closure
        return await withErrorHandling {
                                       ^
                                         [self] in
/Users/chalizardking/Desktop/ponini/poponi/poni/DataSourceManager.swift:204:30: error: implicit use of 'self' in closure; use 'self.' to make capture semantics explicit
                return await fetchCachedHorses(query: query, limit: limit) ?? []
                             ^
/Users/chalizardking/Desktop/ponini/poponi/poni/DataSourceManager.swift:207:19: error: reference to property 'apiKeyConfigured' in closure requires explicit use of 'self' to make capture semantics explicit
            guard apiKeyConfigured else {
                  ^
/Users/chalizardking/Desktop/ponini/poponi/poni/DataSourceManager.swift:207:19: note: reference 'self.' explicitly
            guard apiKeyConfigured else {
                  ^
                  self.
/Users/chalizardking/Desktop/ponini/poponi/poni/DataSourceManager.swift:200:40: note: capture 'self' explicitly to enable implicit 'self' in this closure
        return await withErrorHandling {
                                       ^
                                         [self] in
/Users/chalizardking/Desktop/ponini/poponi/poni/DataSourceManager.swift:208:17: error: reference to property 'logger' in closure requires explicit use of 'self' to make capture semantics explicit
                logger.error("API key not configured")
                ^
/Users/chalizardking/Desktop/ponini/poponi/poni/DataSourceManager.swift:208:17: note: reference 'self.' explicitly
                logger.error("API key not configured")
                ^
                self.
/Users/chalizardking/Desktop/ponini/poponi/poni/DataSourceManager.swift:200:40: note: capture 'self' explicitly to enable implicit 'self' in this closure
        return await withErrorHandling {
                                       ^
                                         [self] in
/Users/chalizardking/Desktop/ponini/poponi/poni/DataSourceManager.swift:218:39: error: implicit use of 'self' in closure; use 'self.' to make capture semantics explicit
            let apiHorses = try await withRetry {
                                      ^
/Users/chalizardking/Desktop/ponini/poponi/poni/DataSourceManager.swift:270:13: error: reference to property 'logger' in closure requires explicit use of 'self' to make capture semantics explicit
            logger.info("Successfully fetched \(horses.count) horses")
            ^
/Users/chalizardking/Desktop/ponini/poponi/poni/DataSourceManager.swift:270:13: note: reference 'self.' explicitly
            logger.info("Successfully fetched \(horses.count) horses")
            ^
            self.
/Users/chalizardking/Desktop/ponini/poponi/poni/DataSourceManager.swift:200:40: note: capture 'self' explicitly to enable implicit 'self' in this closure
        return await withErrorHandling {
                                       ^
                                         [self] in
/Users/chalizardking/Desktop/ponini/poponi/poni/DataSourceManager.swift:273:19: error: implicit use of 'self' in closure; use 'self.' to make capture semantics explicit
            await cacheHorses(horses)
                  ^
/Users/chalizardking/Desktop/ponini/poponi/poni/DataSourceManager.swift:226:23: warning: conformance of 'Horse' to 'Sendable' is unavailable: PersistentModels are not Sendable, consider utilizing a ModelActor or use Horse's persistentModelID instead; this is an error in the Swift 6 language mode
            try await withThrowingTaskGroup(of: (Int, Horse).self) { group in
                      ^
@__swiftmacro_4poni5Horse5ModelfMe_.swift:9:1: note: conformance of 'Horse' to 'Sendable' has been explicitly marked unavailable here
extension Horse: Sendable {
^
/Users/chalizardking/Desktop/ponini/poponi/poni/Horse.swift:4:1: note: in expansion of macro 'Model' on class 'Horse' here
@Model
^~~~~~
/Users/chalizardking/Desktop/ponini/poponi/poni/Horse.swift:4:1: note: in expansion of macro 'Model' on class 'Horse' here
@Model
^~~~~~
/Users/chalizardking/Desktop/ponini/poponi/poni/DataSourceManager.swift:226:68: warning: conformance of 'Horse' to 'Sendable' is unavailable: PersistentModels are not Sendable, consider utilizing a ModelActor or use Horse's persistentModelID instead; this is an error in the Swift 6 language mode
            try await withThrowingTaskGroup(of: (Int, Horse).self) { group in
                                                                   ^
@__swiftmacro_4poni5Horse5ModelfMe_.swift:9:1: note: conformance of 'Horse' to 'Sendable' has been explicitly marked unavailable here
extension Horse: Sendable {
^
/Users/chalizardking/Desktop/ponini/poponi/poni/Horse.swift:4:1: note: in expansion of macro 'Model' on class 'Horse' here
@Model
^~~~~~
/Users/chalizardking/Desktop/ponini/poponi/poni/Horse.swift:4:1: note: in expansion of macro 'Model' on class 'Horse' here
@Model
^~~~~~
/Users/chalizardking/Desktop/ponini/poponi/poni/DataSourceManager.swift:229:27: warning: conformance of 'Horse' to 'Sendable' is unavailable: PersistentModels are not Sendable, consider utilizing a ModelActor or use Horse's persistentModelID instead; this is an error in the Swift 6 language mode
                    group.addTask { [weak self] in
                          ^
@__swiftmacro_4poni5Horse5ModelfMe_.swift:9:1: note: conformance of 'Horse' to 'Sendable' has been explicitly marked unavailable here
extension Horse: Sendable {
^
/Users/chalizardking/Desktop/ponini/poponi/poni/Horse.swift:4:1: note: in expansion of macro 'Model' on class 'Horse' here
@Model
^~~~~~
/Users/chalizardking/Desktop/ponini/poponi/poni/Horse.swift:4:1: note: in expansion of macro 'Model' on class 'Horse' here
@Model
^~~~~~
/Users/chalizardking/Desktop/ponini/poponi/poni/DataSourceManager.swift:239:41: warning: expression is 'async' but is not marked with 'await'; this is an error in the Swift 6 language mode
                            let horse = self.mappingService.mapAPIHorseDataToHorse(apiHorse, with: results)
                                        ^~~~~~~~~~~~~~~~~~~~~~~~~~~~~~~~~~~~~~~~~~~~~~~~~~~~~~~~~~~~~~~~~~~
                                        await 
/Users/chalizardking/Desktop/ponini/poponi/poni/DataSourceManager.swift:239:41: note: property access is 'async'
                            let horse = self.mappingService.mapAPIHorseDataToHorse(apiHorse, with: results)
                                        ^
/Users/chalizardking/Desktop/ponini/poponi/poni/DataSourceManager.swift:286:24: error: 'nil' is not compatible with closure result type 'Horse'
                return nil
                       ^
/Users/chalizardking/Desktop/ponini/poponi/poni/DataSourceManager.swift:318:19: error: implicit use of 'self' in closure; use 'self.' to make capture semantics explicit
            guard isNetworkAvailable() else {
                  ^
/Users/chalizardking/Desktop/ponini/poponi/poni/DataSourceManager.swift:319:17: error: reference to property 'logger' in closure requires explicit use of 'self' to make capture semantics explicit
                logger.error("No network connection available")
                ^
/Users/chalizardking/Desktop/ponini/poponi/poni/DataSourceManager.swift:319:17: note: reference 'self.' explicitly
                logger.error("No network connection available")
                ^
                self.
/Users/chalizardking/Desktop/ponini/poponi/poni/DataSourceManager.swift:317:40: note: capture 'self' explicitly to enable implicit 'self' in this closure
        return await withErrorHandling {
                                       ^
                                         [self] in
/Users/chalizardking/Desktop/ponini/poponi/poni/DataSourceManager.swift:323:19: error: reference to property 'apiKeyConfigured' in closure requires explicit use of 'self' to make capture semantics explicit
            guard apiKeyConfigured else {
                  ^
/Users/chalizardking/Desktop/ponini/poponi/poni/DataSourceManager.swift:323:19: note: reference 'self.' explicitly
            guard apiKeyConfigured else {
                  ^
                  self.
/Users/chalizardking/Desktop/ponini/poponi/poni/DataSourceManager.swift:317:40: note: capture 'self' explicitly to enable implicit 'self' in this closure
        return await withErrorHandling {
                                       ^
                                         [self] in
/Users/chalizardking/Desktop/ponini/poponi/poni/DataSourceManager.swift:324:17: error: reference to property 'logger' in closure requires explicit use of 'self' to make capture semantics explicit
                logger.error("API key not configured")
                ^
/Users/chalizardking/Desktop/ponini/poponi/poni/DataSourceManager.swift:324:17: note: reference 'self.' explicitly
                logger.error("API key not configured")
                ^
                self.
/Users/chalizardking/Desktop/ponini/poponi/poni/DataSourceManager.swift:317:40: note: capture 'self' explicitly to enable implicit 'self' in this closure
        return await withErrorHandling {
                                       ^
                                         [self] in
/Users/chalizardking/Desktop/ponini/poponi/poni/DataSourceManager.swift:334:39: error: implicit use of 'self' in closure; use 'self.' to make capture semantics explicit
            let racecards = try await withRetry {
                                      ^
/Users/chalizardking/Desktop/ponini/poponi/poni/DataSourceManager.swift:421:13: error: reference to property 'logger' in closure requires explicit use of 'self' to make capture semantics explicit
            logger.info("Successfully fetched \(races.count) races")
            ^
/Users/chalizardking/Desktop/ponini/poponi/poni/DataSourceManager.swift:421:13: note: reference 'self.' explicitly
            logger.info("Successfully fetched \(races.count) races")
            ^
            self.
/Users/chalizardking/Desktop/ponini/poponi/poni/DataSourceManager.swift:317:40: note: capture 'self' explicitly to enable implicit 'self' in this closure
        return await withErrorHandling {
                                       ^
                                         [self] in
/Users/chalizardking/Desktop/ponini/poponi/poni/DataSourceManager.swift:341:23: warning: conformance of 'Race' to 'Sendable' is unavailable: PersistentModels are not Sendable, consider utilizing a ModelActor or use Race's persistentModelID instead; this is an error in the Swift 6 language mode
            try await withThrowingTaskGroup(of: Race.self) { group in
                      ^
@__swiftmacro_4poni4Race5ModelfMe_.swift:9:1: note: conformance of 'Race' to 'Sendable' has been explicitly marked unavailable here
extension Race: Sendable {
^
/Users/chalizardking/Desktop/ponini/poponi/poni/Racing.swift:68:1: note: in expansion of macro 'Model' on class 'Race' here
@Model
^~~~~~
/Users/chalizardking/Desktop/ponini/poponi/poni/Racing.swift:68:1: note: in expansion of macro 'Model' on class 'Race' here
@Model
^~~~~~
/Users/chalizardking/Desktop/ponini/poponi/poni/DataSourceManager.swift:341:60: warning: conformance of 'Race' to 'Sendable' is unavailable: PersistentModels are not Sendable, consider utilizing a ModelActor or use Race's persistentModelID instead; this is an error in the Swift 6 language mode
            try await withThrowingTaskGroup(of: Race.self) { group in
                                                           ^
@__swiftmacro_4poni4Race5ModelfMe_.swift:9:1: note: conformance of 'Race' to 'Sendable' has been explicitly marked unavailable here
extension Race: Sendable {
^
/Users/chalizardking/Desktop/ponini/poponi/poni/Racing.swift:68:1: note: in expansion of macro 'Model' on class 'Race' here
@Model
^~~~~~
/Users/chalizardking/Desktop/ponini/poponi/poni/Racing.swift:68:1: note: in expansion of macro 'Model' on class 'Race' here
@Model
^~~~~~
/Users/chalizardking/Desktop/ponini/poponi/poni/DataSourceManager.swift:343:27: warning: conformance of 'Race' to 'Sendable' is unavailable: PersistentModels are not Sendable, consider utilizing a ModelActor or use Race's persistentModelID instead; this is an error in the Swift 6 language mode
                    group.addTask { [weak self] in
                          ^
@__swiftmacro_4poni4Race5ModelfMe_.swift:9:1: note: conformance of 'Race' to 'Sendable' has been explicitly marked unavailable here
extension Race: Sendable {
^
/Users/chalizardking/Desktop/ponini/poponi/poni/Racing.swift:68:1: note: in expansion of macro 'Model' on class 'Race' here
@Model
^~~~~~
/Users/chalizardking/Desktop/ponini/poponi/poni/Racing.swift:68:1: note: in expansion of macro 'Model' on class 'Race' here
@Model
^~~~~~
/Users/chalizardking/Desktop/ponini/poponi/poni/DataSourceManager.swift:347:29: warning: variable 'race' was never mutated; consider changing to 'let' constant
                        var race = self.mappingService.mapAPIRacecardToRace(racecard)
                        ~~~ ^
                        let
/Users/chalizardking/Desktop/ponini/poponi/poni/DataSourceManager.swift:347:36: warning: expression is 'async' but is not marked with 'await'; this is an error in the Swift 6 language mode
                        var race = self.mappingService.mapAPIRacecardToRace(racecard)
                                   ^~~~~~~~~~~~~~~~~~~~~~~~~~~~~~~~~~~~~~~~~~~~~~~~~~
                                   await 
/Users/chalizardking/Desktop/ponini/poponi/poni/DataSourceManager.swift:347:36: note: property access is 'async'
                        var race = self.mappingService.mapAPIRacecardToRace(racecard)
                                   ^
/Users/chalizardking/Desktop/ponini/poponi/poni/DataSourceManager.swift:358:45: warning: expression is 'async' but is not marked with 'await'; this is an error in the Swift 6 language mode
                                let horse = self.mappingService.mapAPIHorseDataToHorse(runner, with: results)
                                            ^~~~~~~~~~~~~~~~~~~~~~~~~~~~~~~~~~~~~~~~~~~~~~~~~~~~~~~~~~~~~~~~~
                                            await 
/Users/chalizardking/Desktop/ponini/poponi/poni/DataSourceManager.swift:358:45: note: property access is 'async'
                                let horse = self.mappingService.mapAPIHorseDataToHorse(runner, with: results)
                                            ^
/Users/chalizardking/Desktop/ponini/poponi/poni/DataSourceManager.swift:370:46: warning: expression is 'async' but is not marked with 'await'; this is an error in the Swift 6 language mode
                                let jockey = self.mappingService.mapAPIJockeyStatsToJockey(jockeyStats)
                                             ^~~~~~~~~~~~~~~~~~~~~~~~~~~~~~~~~~~~~~~~~~~~~~~~~~~~~~~~~~
                                             await 
/Users/chalizardking/Desktop/ponini/poponi/poni/DataSourceManager.swift:370:46: note: property access is 'async'
                                let jockey = self.mappingService.mapAPIJockeyStatsToJockey(jockeyStats)
                                             ^
/Users/chalizardking/Desktop/ponini/poponi/poni/DataSourceManager.swift:371:47: warning: expression is 'async' but is not marked with 'await'; this is an error in the Swift 6 language mode
                                let trainer = self.mappingService.mapAPITrainerStatsToTrainer(trainerStats)
                                              ^~~~~~~~~~~~~~~~~~~~~~~~~~~~~~~~~~~~~~~~~~~~~~~~~~~~~~~~~~~~~
                                              await 
/Users/chalizardking/Desktop/ponini/poponi/poni/DataSourceManager.swift:371:47: note: property access is 'async'
                                let trainer = self.mappingService.mapAPITrainerStatsToTrainer(trainerStats)
                                              ^
/Users/chalizardking/Desktop/ponini/poponi/poni/DataSourceManager.swift:374:48: warning: expression is 'async' but is not marked with 'await'; this is an error in the Swift 6 language mode
                                if let entry = self.mappingService.mapAPIRaceResultToRaceEntry(
                                               ^~~~~~~~~~~~~~~~~~~~~~~~~~~~~~~~~~~~~~~~~~~~~~~~
                                               await 
/Users/chalizardking/Desktop/ponini/poponi/poni/DataSourceManager.swift:374:48: note: property access is 'async'
                                if let entry = self.mappingService.mapAPIRaceResultToRaceEntry(
                                               ^
/Users/chalizardking/Desktop/ponini/poponi/poni/DataSourceManager.swift:557:49: error: cannot find type 'HTTPError' in scope
            } else if let httpError = error as? HTTPError {
                                                ^~~~~~~~~

SwiftCompile normal arm64 Compiling\ AppearanceManager.swift,\ poniApp.swift /Users/chalizardking/Desktop/ponini/poponi/poni/AppearanceManager.swift /Users/chalizardking/Desktop/ponini/poponi/poni/poniApp.swift (in target 'poni' from project 'poni')

SwiftCompile normal arm64 /Users/chalizardking/Desktop/ponini/poponi/poni/AppearanceManager.swift (in target 'poni' from project 'poni')
    cd /Users/chalizardking/Desktop/ponini/poponi
    

SwiftCompile normal arm64 /Users/chalizardking/Desktop/ponini/poponi/poni/poniApp.swift (in target 'poni' from project 'poni')
    cd /Users/chalizardking/Desktop/ponini/poponi
    

SwiftCompile normal arm64 Compiling\ HorseRacingDataService.swift,\ RaceDetailView.swift /Users/chalizardking/Desktop/ponini/poponi/poni/HorseRacingDataService.swift /Users/chalizardking/Desktop/ponini/poponi/poni/Views/RaceDetailView.swift (in target 'poni' from project 'poni')
Failed frontend command:
/Applications/Xcode.app/Contents/Developer/Toolchains/XcodeDefault.xctoolchain/usr/bin/swift-frontend -frontend -c /Users/chalizardking/Desktop/ponini/poponi/poni/AppearanceManager.swift /Users/chalizardking/Desktop/ponini/poponi/poni/poniApp.swift /Users/chalizardking/Desktop/ponini/poponi/poni/APITestingView.swift /Users/chalizardking/Desktop/ponini/poponi/poni/OnboardingView.swift /Users/chalizardking/Desktop/ponini/poponi/poni/HorseRacingView.swift /Users/chalizardking/Desktop/ponini/poponi/poni/HorseDetailView.swift /Users/chalizardking/Desktop/ponini/poponi/poni/DataStructures.swift /Users/chalizardking/Desktop/ponini/poponi/poni/DataMappingService.swift /Users/chalizardking/Desktop/ponini/poponi/poni/RealDataService.swift /Users/chalizardking/Desktop/ponini/poponi/poni/RaceAnalysisView.swift /Users/chalizardking/Desktop/ponini/poponi/poni/APIUsageExamples.swift /Users/chalizardking/Desktop/ponini/poponi/poni/APITestingService.swift -primary-file /Users/chalizardking/Desktop/ponini/poponi/poni/HorseRacingDataService.swift -primary-file /Users/chalizardking/Desktop/ponini/poponi/poni/Views/RaceDetailView.swift /Users/chalizardking/Desktop/ponini/poponi/poni/Horse.swift /Users/chalizardking/Desktop/ponini/poponi/poni/DataSourceManager.swift /Users/chalizardking/Desktop/ponini/poponi/poni/SettingsView.swift /Users/chalizardking/Desktop/ponini/poponi/poni/ContentView.swift /Users/chalizardking/Desktop/ponini/poponi/poni/Racing.swift /Users/chalizardking/Library/Developer/Xcode/DerivedData/poni-akslzhmljifjeiaguhyradqogade/Build/Intermediates.noindex/poni.build/Debug-iphonesimulator/poni.build/DerivedSources/GeneratedAssetSymbols.swift -emit-dependencies-path /Users/chalizardking/Library/Developer/Xcode/DerivedData/poni-akslzhmljifjeiaguhyradqogade/Build/Intermediates.noindex/poni.build/Debug-iphonesimulator/poni.build/Objects-normal/arm64/HorseRacingDataService.d -emit-const-values-path /Users/chalizardking/Library/Developer/Xcode/DerivedData/poni-akslzhmljifjeiaguhyradqogade/Build/Intermediates.noindex/poni.build/Debug-iphonesimulator/poni.build/Objects-normal/arm64/HorseRacingDataService.swiftconstvalues -emit-reference-dependencies-path /Users/chalizardking/Library/Developer/Xcode/DerivedData/poni-akslzhmljifjeiaguhyradqogade/Build/Intermediates.noindex/poni.build/Debug-iphonesimulator/poni.build/Objects-normal/arm64/HorseRacingDataService.swiftdeps -serialize-diagnostics-path /Users/chalizardking/Library/Developer/Xcode/DerivedData/poni-akslzhmljifjeiaguhyradqogade/Build/Intermediates.noindex/poni.build/Debug-iphonesimulator/poni.build/Objects-normal/arm64/HorseRacingDataService.dia -emit-dependencies-path /Users/chalizardking/Library/Developer/Xcode/DerivedData/poni-akslzhmljifjeiaguhyradqogade/Build/Intermediates.noindex/poni.build/Debug-iphonesimulator/poni.build/Objects-normal/arm64/RaceDetailView.d -emit-const-values-path /Users/chalizardking/Library/Developer/Xcode/DerivedData/poni-akslzhmljifjeiaguhyradqogade/Build/Intermediates.noindex/poni.build/Debug-iphonesimulator/poni.build/Objects-normal/arm64/RaceDetailView.swiftconstvalues -emit-reference-dependencies-path /Users/chalizardking/Library/Developer/Xcode/DerivedData/poni-akslzhmljifjeiaguhyradqogade/Build/Intermediates.noindex/poni.build/Debug-iphonesimulator/poni.build/Objects-normal/arm64/RaceDetailView.swiftdeps -serialize-diagnostics-path /Users/chalizardking/Library/Developer/Xcode/DerivedData/poni-akslzhmljifjeiaguhyradqogade/Build/Intermediates.noindex/poni.build/Debug-iphonesimulator/poni.build/Objects-normal/arm64/RaceDetailView.dia -emit-localized-strings -emit-localized-strings-path /Users/chalizardking/Library/Developer/Xcode/DerivedData/poni-akslzhmljifjeiaguhyradqogade/Build/Intermediates.noindex/poni.build/Debug-iphonesimulator/poni.build/Objects-normal/arm64 -target arm64-apple-ios18.5-simulator -Xllvm -aarch64-use-tbi -enable-objc-interop -sdk /Applications/Xcode.app/Contents/Developer/Platforms/iPhoneSimulator.platform/Developer/SDKs/iPhoneSimulator18.5.sdk -I /Users/chalizardking/Library/Developer/Xcode/DerivedData/poni-akslzhmljifjeiaguhyradqogade/Build/Products/Debug-iphonesimulator -F /Users/chalizardking/Library/Developer/Xcode/DerivedData/poni-akslzhmljifjeiaguhyradqogade/Build/Products/Debug-iphonesimulator -no-color-diagnostics -enable-testing -g -debug-info-format\=dwarf -dwarf-version\=5 -module-cache-path /Users/chalizardking/Library/Developer/Xcode/DerivedData/ModuleCache.noindex -profile-generate -profile-coverage-mapping -swift-version 5 -enforce-exclusivity\=checked -Onone -D DEBUG -serialize-debugging-options -const-gather-protocols-file /Users/chalizardking/Library/Developer/Xcode/DerivedData/poni-akslzhmljifjeiaguhyradqogade/Build/Intermediates.noindex/poni.build/Debug-iphonesimulator/poni.build/Objects-normal/arm64/poni_const_extract_protocols.json -enable-experimental-feature DebugDescriptionMacro -enable-bare-slash-regex -empty-abi-descriptor -validate-clang-modules-once -clang-build-session-file /Users/chalizardking/Library/Developer/Xcode/DerivedData/ModuleCache.noindex/Session.modulevalidation -Xcc -working-directory -Xcc /Users/chalizardking/Desktop/ponini/poponi -resource-dir /Applications/Xcode.app/Contents/Developer/Toolchains/XcodeDefault.xctoolchain/usr/lib/swift -enable-anonymous-context-mangled-names -file-compilation-dir /Users/chalizardking/Desktop/ponini/poponi -Xcc -ivfsstatcache -Xcc /Users/chalizardking/Library/Developer/Xcode/DerivedData/SDKStatCaches.noindex/iphonesimulator18.5-22F76-d5fc8ad4295d2ef488fb7d0f804ce0c4.sdkstatcache -Xcc -I/Users/chalizardking/Library/Developer/Xcode/DerivedData/poni-akslzhmljifjeiaguhyradqogade/Build/Intermediates.noindex/poni.build/Debug-iphonesimulator/poni.build/swift-overrides.hmap -Xcc -iquote -Xcc /Users/chalizardking/Library/Developer/Xcode/DerivedData/poni-akslzhmljifjeiaguhyradqogade/Build/Intermediates.noindex/poni.build/Debug-iphonesimulator/poni.build/poni-generated-files.hmap -Xcc -I/Users/chalizardking/Library/Developer/Xcode/DerivedData/poni-akslzhmljifjeiaguhyradqogade/Build/Intermediates.noindex/poni.build/Debug-iphonesimulator/poni.build/poni-own-target-headers.hmap -Xcc -I/Users/chalizardking/Library/Developer/Xcode/DerivedData/poni-akslzhmljifjeiaguhyradqogade/Build/Intermediates.noindex/poni.build/Debug-iphonesimulator/poni.build/poni-all-target-headers.hmap -Xcc -iquote -Xcc /Users/chalizardking/Library/Developer/Xcode/DerivedData/poni-akslzhmljifjeiaguhyradqogade/Build/Intermediates.noindex/poni.build/Debug-iphonesimulator/poni.build/poni-project-headers.hmap -Xcc -I/Users/chalizardking/Library/Developer/Xcode/DerivedData/poni-akslzhmljifjeiaguhyradqogade/Build/Products/Debug-iphonesimulator/include -Xcc -I/Users/chalizardking/Library/Developer/Xcode/DerivedData/poni-akslzhmljifjeiaguhyradqogade/Build/Intermediates.noindex/poni.build/Debug-iphonesimulator/poni.build/DerivedSources-normal/arm64 -Xcc -I/Users/chalizardking/Library/Developer/Xcode/DerivedData/poni-akslzhmljifjeiaguhyradqogade/Build/Intermediates.noindex/poni.build/Debug-iphonesimulator/poni.build/DerivedSources/arm64 -Xcc -I/Users/chalizardking/Library/Developer/Xcode/DerivedData/poni-akslzhmljifjeiaguhyradqogade/Build/Intermediates.noindex/poni.build/Debug-iphonesimulator/poni.build/DerivedSources -Xcc -DDEBUG\=1 -module-name poni -frontend-parseable-output -disable-clang-spi -target-sdk-version 18.5 -target-sdk-name iphonesimulator18.5 -external-plugin-path /Applications/Xcode.app/Contents/Developer/Platforms/iPhoneOS.platform/Developer/usr/lib/swift/host/plugins\#/Applications/Xcode.app/Contents/Developer/Platforms/iPhoneOS.platform/Developer/usr/bin/swift-plugin-server -external-plugin-path /Applications/Xcode.app/Contents/Developer/Platforms/iPhoneOS.platform/Developer/usr/local/lib/swift/host/plugins\#/Applications/Xcode.app/Contents/Developer/Platforms/iPhoneOS.platform/Developer/usr/bin/swift-plugin-server -in-process-plugin-server-path /Applications/Xcode.app/Contents/Developer/Toolchains/XcodeDefault.xctoolchain/usr/lib/swift/host/libSwiftInProcPluginServer.dylib -plugin-path /Applications/Xcode.app/Contents/Developer/Toolchains/XcodeDefault.xctoolchain/usr/lib/swift/host/plugins -plugin-path /Applications/Xcode.app/Contents/Developer/Toolchains/XcodeDefault.xctoolchain/usr/local/lib/swift/host/plugins -o /Users/chalizardking/Library/Developer/Xcode/DerivedData/poni-akslzhmljifjeiaguhyradqogade/Build/Intermediates.noindex/poni.build/Debug-iphonesimulator/poni.build/Objects-normal/arm64/HorseRacingDataService.o -o /Users/chalizardking/Library/Developer/Xcode/DerivedData/poni-akslzhmljifjeiaguhyradqogade/Build/Intermediates.noindex/poni.build/Debug-iphonesimulator/poni.build/Objects-normal/arm64/RaceDetailView.o -index-unit-output-path /poni.build/Debug-iphonesimulator/poni.build/Objects-normal/arm64/HorseRacingDataService.o -index-unit-output-path /poni.build/Debug-iphonesimulator/poni.build/Objects-normal/arm64/RaceDetailView.o -index-store-path /Users/chalizardking/Library/Developer/Xcode/DerivedData/poni-akslzhmljifjeiaguhyradqogade/Index.noindex/DataStore -index-system-modules

SwiftCompile normal arm64 /Users/chalizardking/Desktop/ponini/poponi/poni/HorseRacingDataService.swift (in target 'poni' from project 'poni')
    cd /Users/chalizardking/Desktop/ponini/poponi
    

SwiftCompile normal arm64 /Users/chalizardking/Desktop/ponini/poponi/poni/Views/RaceDetailView.swift (in target 'poni' from project 'poni')
    cd /Users/chalizardking/Desktop/ponini/poponi
    
/Users/chalizardking/Desktop/ponini/poponi/poni/HorseDetailView.swift:163:5: error: declaration is only valid at file scope
    extension Int {
    ^
/Users/chalizardking/Desktop/ponini/poponi/poni/HorseDetailView.swift:176:13: error: declaration is only valid at file scope
    private extension HorseDetailView {
            ^
/Users/chalizardking/Desktop/ponini/poponi/poni/ContentView.swift:242:97: error: cannot find 'Item' in scope
        .modelContainer(for: [Horse.self, Jockey.self, Trainer.self, Race.self, RaceEntry.self, Item.self], inMemory: true)
                                                                                                ^~~~
/Users/chalizardking/Desktop/ponini/poponi/poni/Views/RaceDetailView.swift:61:20: error: initializer for conditional binding must have Optional type, not 'Horse'
                if let horse = entry.horse {
                   ^           ~~~~~~~~~~~
/Users/chalizardking/Desktop/ponini/poponi/poni/Views/RaceDetailView.swift:81:20: error: initializer for conditional binding must have Optional type, not 'Horse'
                if let horse = entry.horse {
                   ^           ~~~~~~~~~~~
/Users/chalizardking/Desktop/ponini/poponi/poni/Views/RaceDetailView.swift:87:32: error: initializer for conditional binding must have Optional type, not 'Jockey'
                            if let jockey = entry.jockey {
                               ^            ~~~~~~~~~~~~
/Users/chalizardking/Desktop/ponini/poponi/poni/Views/RaceDetailView.swift:90:32: error: initializer for conditional binding must have Optional type, not 'Trainer'
                            if let trainer = entry.trainer {
                               ^             ~~~~~~~~~~~~~

SwiftDriver\ Compilation\ Requirements poni normal arm64 com.apple.xcode.tools.swift.compiler (in target 'poni' from project 'poni')
    cd /Users/chalizardking/Desktop/ponini/poponi
    builtin-Swift-Compilation-Requirements -- /Applications/Xcode.app/Contents/Developer/Toolchains/XcodeDefault.xctoolchain/usr/bin/swiftc -module-name poni -Onone -enforce-exclusivity\=checked @/Users/chalizardking/Library/Developer/Xcode/DerivedData/poni-akslzhmljifjeiaguhyradqogade/Build/Intermediates.noindex/poni.build/Debug-iphonesimulator/poni.build/Objects-normal/arm64/poni.SwiftFileList -DDEBUG -enable-bare-slash-regex -enable-experimental-feature DebugDescriptionMacro -sdk /Applications/Xcode.app/Contents/Developer/Platforms/iPhoneSimulator.platform/Developer/SDKs/iPhoneSimulator18.5.sdk -target arm64-apple-ios18.5-simulator -g -module-cache-path /Users/chalizardking/Library/Developer/Xcode/DerivedData/ModuleCache.noindex -Xfrontend -serialize-debugging-options -profile-coverage-mapping -profile-generate -enable-testing -index-store-path /Users/chalizardking/Library/Developer/Xcode/DerivedData/poni-akslzhmljifjeiaguhyradqogade/Index.noindex/DataStore -swift-version 5 -I /Users/chalizardking/Library/Developer/Xcode/DerivedData/poni-akslzhmljifjeiaguhyradqogade/Build/Products/Debug-iphonesimulator -F /Users/chalizardking/Library/Developer/Xcode/DerivedData/poni-akslzhmljifjeiaguhyradqogade/Build/Products/Debug-iphonesimulator -emit-localized-strings -emit-localized-strings-path /Users/chalizardking/Library/Developer/Xcode/DerivedData/poni-akslzhmljifjeiaguhyradqogade/Build/Intermediates.noindex/poni.build/Debug-iphonesimulator/poni.build/Objects-normal/arm64 -c -j12 -enable-batch-mode -incremental -Xcc -ivfsstatcache -Xcc /Users/chalizardking/Library/Developer/Xcode/DerivedData/SDKStatCaches.noindex/iphonesimulator18.5-22F76-d5fc8ad4295d2ef488fb7d0f804ce0c4.sdkstatcache -output-file-map /Users/chalizardking/Library/Developer/Xcode/DerivedData/poni-akslzhmljifjeiaguhyradqogade/Build/Intermediates.noindex/poni.build/Debug-iphonesimulator/poni.build/Objects-normal/arm64/poni-OutputFileMap.json -use-frontend-parseable-output -save-temps -no-color-diagnostics -serialize-diagnostics -emit-dependencies -emit-module -emit-module-path /Users/chalizardking/Library/Developer/Xcode/DerivedData/poni-akslzhmljifjeiaguhyradqogade/Build/Intermediates.noindex/poni.build/Debug-iphonesimulator/poni.build/Objects-normal/arm64/poni.swiftmodule -validate-clang-modules-once -clang-build-session-file /Users/chalizardking/Library/Developer/Xcode/DerivedData/ModuleCache.noindex/Session.modulevalidation -Xcc -I/Users/chalizardking/Library/Developer/Xcode/DerivedData/poni-akslzhmljifjeiaguhyradqogade/Build/Intermediates.noindex/poni.build/Debug-iphonesimulator/poni.build/swift-overrides.hmap -emit-const-values -Xfrontend -const-gather-protocols-file -Xfrontend /Users/chalizardking/Library/Developer/Xcode/DerivedData/poni-akslzhmljifjeiaguhyradqogade/Build/Intermediates.noindex/poni.build/Debug-iphonesimulator/poni.build/Objects-normal/arm64/poni_const_extract_protocols.json -Xcc -iquote -Xcc /Users/chalizardking/Library/Developer/Xcode/DerivedData/poni-akslzhmljifjeiaguhyradqogade/Build/Intermediates.noindex/poni.build/Debug-iphonesimulator/poni.build/poni-generated-files.hmap -Xcc -I/Users/chalizardking/Library/Developer/Xcode/DerivedData/poni-akslzhmljifjeiaguhyradqogade/Build/Intermediates.noindex/poni.build/Debug-iphonesimulator/poni.build/poni-own-target-headers.hmap -Xcc -I/Users/chalizardking/Library/Developer/Xcode/DerivedData/poni-akslzhmljifjeiaguhyradqogade/Build/Intermediates.noindex/poni.build/Debug-iphonesimulator/poni.build/poni-all-target-headers.hmap -Xcc -iquote -Xcc /Users/chalizardking/Library/Developer/Xcode/DerivedData/poni-akslzhmljifjeiaguhyradqogade/Build/Intermediates.noindex/poni.build/Debug-iphonesimulator/poni.build/poni-project-headers.hmap -Xcc -I/Users/chalizardking/Library/Developer/Xcode/DerivedData/poni-akslzhmljifjeiaguhyradqogade/Build/Products/Debug-iphonesimulator/include -Xcc -I/Users/chalizardking/Library/Developer/Xcode/DerivedData/poni-akslzhmljifjeiaguhyradqogade/Build/Intermediates.noindex/poni.build/Debug-iphonesimulator/poni.build/DerivedSources-normal/arm64 -Xcc -I/Users/chalizardking/Library/Developer/Xcode/DerivedData/poni-akslzhmljifjeiaguhyradqogade/Build/Intermediates.noindex/poni.build/Debug-iphonesimulator/poni.build/DerivedSources/arm64 -Xcc -I/Users/chalizardking/Library/Developer/Xcode/DerivedData/poni-akslzhmljifjeiaguhyradqogade/Build/Intermediates.noindex/poni.build/Debug-iphonesimulator/poni.build/DerivedSources -Xcc -DDEBUG\=1 -emit-objc-header -emit-objc-header-path /Users/chalizardking/Library/Developer/Xcode/DerivedData/poni-akslzhmljifjeiaguhyradqogade/Build/Intermediates.noindex/poni.build/Debug-iphonesimulator/poni.build/Objects-normal/arm64/poni-Swift.h -working-directory /Users/chalizardking/Desktop/ponini/poponi -experimental-emit-module-separately -disable-cmo

Copy /Users/chalizardking/Library/Developer/Xcode/DerivedData/poni-akslzhmljifjeiaguhyradqogade/Build/Products/Debug-iphonesimulator/poni.swiftmodule/arm64-apple-ios-simulator.swiftmodule /Users/chalizardking/Library/Developer/Xcode/DerivedData/poni-akslzhmljifjeiaguhyradqogade/Build/Intermediates.noindex/poni.build/Debug-iphonesimulator/poni.build/Objects-normal/arm64/poni.swiftmodule (in target 'poni' from project 'poni')
    cd /Users/chalizardking/Desktop/ponini/poponi
    builtin-copy -exclude .DS_Store -exclude CVS -exclude .svn -exclude .git -exclude .hg -resolve-src-symlinks -rename /Users/chalizardking/Library/Developer/Xcode/DerivedData/poni-akslzhmljifjeiaguhyradqogade/Build/Intermediates.noindex/poni.build/Debug-iphonesimulator/poni.build/Objects-normal/arm64/poni.swiftmodule /Users/chalizardking/Library/Developer/Xcode/DerivedData/poni-akslzhmljifjeiaguhyradqogade/Build/Products/Debug-iphonesimulator/poni.swiftmodule/arm64-apple-ios-simulator.swiftmodule
error: lstat(/Users/chalizardking/Library/Developer/Xcode/DerivedData/poni-akslzhmljifjeiaguhyradqogade/Build/Intermediates.noindex/poni.build/Debug-iphonesimulator/poni.build/Objects-normal/arm64/poni.swiftmodule): No such file or directory (2) (in target 'poni' from project 'poni')

Copy /Users/chalizardking/Library/Developer/Xcode/DerivedData/poni-akslzhmljifjeiaguhyradqogade/Build/Products/Debug-iphonesimulator/poni.swiftmodule/Project/arm64-apple-ios-simulator.swiftsourceinfo /Users/chalizardking/Library/Developer/Xcode/DerivedData/poni-akslzhmljifjeiaguhyradqogade/Build/Intermediates.noindex/poni.build/Debug-iphonesimulator/poni.build/Objects-normal/arm64/poni.swiftsourceinfo (in target 'poni' from project 'poni')
    cd /Users/chalizardking/Desktop/ponini/poponi
    builtin-copy -exclude .DS_Store -exclude CVS -exclude .svn -exclude .git -exclude .hg -resolve-src-symlinks -rename /Users/chalizardking/Library/Developer/Xcode/DerivedData/poni-akslzhmljifjeiaguhyradqogade/Build/Intermediates.noindex/poni.build/Debug-iphonesimulator/poni.build/Objects-normal/arm64/poni.swiftsourceinfo /Users/chalizardking/Library/Developer/Xcode/DerivedData/poni-akslzhmljifjeiaguhyradqogade/Build/Products/Debug-iphonesimulator/poni.swiftmodule/Project/arm64-apple-ios-simulator.swiftsourceinfo
error: lstat(/Users/chalizardking/Library/Developer/Xcode/DerivedData/poni-akslzhmljifjeiaguhyradqogade/Build/Intermediates.noindex/poni.build/Debug-iphonesimulator/poni.build/Objects-normal/arm64/poni.swiftsourceinfo): No such file or directory (2) (in target 'poni' from project 'poni')

Copy /Users/chalizardking/Library/Developer/Xcode/DerivedData/poni-akslzhmljifjeiaguhyradqogade/Build/Products/Debug-iphonesimulator/poni.swiftmodule/arm64-apple-ios-simulator.abi.json /Users/chalizardking/Library/Developer/Xcode/DerivedData/poni-akslzhmljifjeiaguhyradqogade/Build/Intermediates.noindex/poni.build/Debug-iphonesimulator/poni.build/Objects-normal/arm64/poni.abi.json (in target 'poni' from project 'poni')
    cd /Users/chalizardking/Desktop/ponini/poponi
    builtin-copy -exclude .DS_Store -exclude CVS -exclude .svn -exclude .git -exclude .hg -resolve-src-symlinks -rename /Users/chalizardking/Library/Developer/Xcode/DerivedData/poni-akslzhmljifjeiaguhyradqogade/Build/Intermediates.noindex/poni.build/Debug-iphonesimulator/poni.build/Objects-normal/arm64/poni.abi.json /Users/chalizardking/Library/Developer/Xcode/DerivedData/poni-akslzhmljifjeiaguhyradqogade/Build/Products/Debug-iphonesimulator/poni.swiftmodule/arm64-apple-ios-simulator.abi.json
error: lstat(/Users/chalizardking/Library/Developer/Xcode/DerivedData/poni-akslzhmljifjeiaguhyradqogade/Build/Intermediates.noindex/poni.build/Debug-iphonesimulator/poni.build/Objects-normal/arm64/poni.abi.json): No such file or directory (2) (in target 'poni' from project 'poni')

Copy /Users/chalizardking/Library/Developer/Xcode/DerivedData/poni-akslzhmljifjeiaguhyradqogade/Build/Products/Debug-iphonesimulator/poni.swiftmodule/arm64-apple-ios-simulator.swiftdoc /Users/chalizardking/Library/Developer/Xcode/DerivedData/poni-akslzhmljifjeiaguhyradqogade/Build/Intermediates.noindex/poni.build/Debug-iphonesimulator/poni.build/Objects-normal/arm64/poni.swiftdoc (in target 'poni' from project 'poni')
    cd /Users/chalizardking/Desktop/ponini/poponi
    builtin-copy -exclude .DS_Store -exclude CVS -exclude .svn -exclude .git -exclude .hg -resolve-src-symlinks -rename /Users/chalizardking/Library/Developer/Xcode/DerivedData/poni-akslzhmljifjeiaguhyradqogade/Build/Intermediates.noindex/poni.build/Debug-iphonesimulator/poni.build/Objects-normal/arm64/poni.swiftdoc /Users/chalizardking/Library/Developer/Xcode/DerivedData/poni-akslzhmljifjeiaguhyradqogade/Build/Products/Debug-iphonesimulator/poni.swiftmodule/arm64-apple-ios-simulator.swiftdoc
error: lstat(/Users/chalizardking/Library/Developer/Xcode/DerivedData/poni-akslzhmljifjeiaguhyradqogade/Build/Intermediates.noindex/poni.build/Debug-iphonesimulator/poni.build/Objects-normal/arm64/poni.swiftdoc): No such file or directory (2) (in target 'poni' from project 'poni')

SwiftDriver\ Compilation poni normal arm64 com.apple.xcode.tools.swift.compiler (in target 'poni' from project 'poni')
    cd /Users/chalizardking/Desktop/ponini/poponi
    builtin-Swift-Compilation -- /Applications/Xcode.app/Contents/Developer/Toolchains/XcodeDefault.xctoolchain/usr/bin/swiftc -module-name poni -Onone -enforce-exclusivity\=checked @/Users/chalizardking/Library/Developer/Xcode/DerivedData/poni-akslzhmljifjeiaguhyradqogade/Build/Intermediates.noindex/poni.build/Debug-iphonesimulator/poni.build/Objects-normal/arm64/poni.SwiftFileList -DDEBUG -enable-bare-slash-regex -enable-experimental-feature DebugDescriptionMacro -sdk /Applications/Xcode.app/Contents/Developer/Platforms/iPhoneSimulator.platform/Developer/SDKs/iPhoneSimulator18.5.sdk -target arm64-apple-ios18.5-simulator -g -module-cache-path /Users/chalizardking/Library/Developer/Xcode/DerivedData/ModuleCache.noindex -Xfrontend -serialize-debugging-options -profile-coverage-mapping -profile-generate -enable-testing -index-store-path /Users/chalizardking/Library/Developer/Xcode/DerivedData/poni-akslzhmljifjeiaguhyradqogade/Index.noindex/DataStore -swift-version 5 -I /Users/chalizardking/Library/Developer/Xcode/DerivedData/poni-akslzhmljifjeiaguhyradqogade/Build/Products/Debug-iphonesimulator -F /Users/chalizardking/Library/Developer/Xcode/DerivedData/poni-akslzhmljifjeiaguhyradqogade/Build/Products/Debug-iphonesimulator -emit-localized-strings -emit-localized-strings-path /Users/chalizardking/Library/Developer/Xcode/DerivedData/poni-akslzhmljifjeiaguhyradqogade/Build/Intermediates.noindex/poni.build/Debug-iphonesimulator/poni.build/Objects-normal/arm64 -c -j12 -enable-batch-mode -incremental -Xcc -ivfsstatcache -Xcc /Users/chalizardking/Library/Developer/Xcode/DerivedData/SDKStatCaches.noindex/iphonesimulator18.5-22F76-d5fc8ad4295d2ef488fb7d0f804ce0c4.sdkstatcache -output-file-map /Users/chalizardking/Library/Developer/Xcode/DerivedData/poni-akslzhmljifjeiaguhyradqogade/Build/Intermediates.noindex/poni.build/Debug-iphonesimulator/poni.build/Objects-normal/arm64/poni-OutputFileMap.json -use-frontend-parseable-output -save-temps -no-color-diagnostics -serialize-diagnostics -emit-dependencies -emit-module -emit-module-path /Users/chalizardking/Library/Developer/Xcode/DerivedData/poni-akslzhmljifjeiaguhyradqogade/Build/Intermediates.noindex/poni.build/Debug-iphonesimulator/poni.build/Objects-normal/arm64/poni.swiftmodule -validate-clang-modules-once -clang-build-session-file /Users/chalizardking/Library/Developer/Xcode/DerivedData/ModuleCache.noindex/Session.modulevalidation -Xcc -I/Users/chalizardking/Library/Developer/Xcode/DerivedData/poni-akslzhmljifjeiaguhyradqogade/Build/Intermediates.noindex/poni.build/Debug-iphonesimulator/poni.build/swift-overrides.hmap -emit-const-values -Xfrontend -const-gather-protocols-file -Xfrontend /Users/chalizardking/Library/Developer/Xcode/DerivedData/poni-akslzhmljifjeiaguhyradqogade/Build/Intermediates.noindex/poni.build/Debug-iphonesimulator/poni.build/Objects-normal/arm64/poni_const_extract_protocols.json -Xcc -iquote -Xcc /Users/chalizardking/Library/Developer/Xcode/DerivedData/poni-akslzhmljifjeiaguhyradqogade/Build/Intermediates.noindex/poni.build/Debug-iphonesimulator/poni.build/poni-generated-files.hmap -Xcc -I/Users/chalizardking/Library/Developer/Xcode/DerivedData/poni-akslzhmljifjeiaguhyradqogade/Build/Intermediates.noindex/poni.build/Debug-iphonesimulator/poni.build/poni-own-target-headers.hmap -Xcc -I/Users/chalizardking/Library/Developer/Xcode/DerivedData/poni-akslzhmljifjeiaguhyradqogade/Build/Intermediates.noindex/poni.build/Debug-iphonesimulator/poni.build/poni-all-target-headers.hmap -Xcc -iquote -Xcc /Users/chalizardking/Library/Developer/Xcode/DerivedData/poni-akslzhmljifjeiaguhyradqogade/Build/Intermediates.noindex/poni.build/Debug-iphonesimulator/poni.build/poni-project-headers.hmap -Xcc -I/Users/chalizardking/Library/Developer/Xcode/DerivedData/poni-akslzhmljifjeiaguhyradqogade/Build/Products/Debug-iphonesimulator/include -Xcc -I/Users/chalizardking/Library/Developer/Xcode/DerivedData/poni-akslzhmljifjeiaguhyradqogade/Build/Intermediates.noindex/poni.build/Debug-iphonesimulator/poni.build/DerivedSources-normal/arm64 -Xcc -I/Users/chalizardking/Library/Developer/Xcode/DerivedData/poni-akslzhmljifjeiaguhyradqogade/Build/Intermediates.noindex/poni.build/Debug-iphonesimulator/poni.build/DerivedSources/arm64 -Xcc -I/Users/chalizardking/Library/Developer/Xcode/DerivedData/poni-akslzhmljifjeiaguhyradqogade/Build/Intermediates.noindex/poni.build/Debug-iphonesimulator/poni.build/DerivedSources -Xcc -DDEBUG\=1 -emit-objc-header -emit-objc-header-path /Users/chalizardking/Library/Developer/Xcode/DerivedData/poni-akslzhmljifjeiaguhyradqogade/Build/Intermediates.noindex/poni.build/Debug-iphonesimulator/poni.build/Objects-normal/arm64/poni-Swift.h -working-directory /Users/chalizardking/Desktop/ponini/poponi -experimental-emit-module-separately -disable-cmo

** BUILD FAILED **


The following build commands failed:
	SwiftCompile normal arm64 /Users/chalizardking/Desktop/ponini/poponi/poni/APIUsageExamples.swift (in target 'poni' from project 'poni')
	SwiftCompile normal arm64 /Users/chalizardking/Desktop/ponini/poponi/poni/APITestingService.swift (in target 'poni' from project 'poni')
	SwiftCompile normal arm64 Compiling\ APIUsageExamples.swift,\ APITestingService.swift /Users/chalizardking/Desktop/ponini/poponi/poni/APIUsageExamples.swift /Users/chalizardking/Desktop/ponini/poponi/poni/APITestingService.swift (in target 'poni' from project 'poni')
	SwiftCompile normal arm64 /Users/chalizardking/Desktop/ponini/poponi/poni/HorseRacingView.swift (in target 'poni' from project 'poni')
	SwiftCompile normal arm64 /Users/chalizardking/Desktop/ponini/poponi/poni/HorseDetailView.swift (in target 'poni' from project 'poni')
	SwiftCompile normal arm64 Compiling\ HorseRacingView.swift,\ HorseDetailView.swift /Users/chalizardking/Desktop/ponini/poponi/poni/HorseRacingView.swift /Users/chalizardking/Desktop/ponini/poponi/poni/HorseDetailView.swift (in target 'poni' from project 'poni')
	SwiftCompile normal arm64 Compiling\ SettingsView.swift /Users/chalizardking/Desktop/ponini/poponi/poni/SettingsView.swift (in target 'poni' from project 'poni')
	SwiftCompile normal arm64 /Users/chalizardking/Desktop/ponini/poponi/poni/SettingsView.swift (in target 'poni' from project 'poni')
	SwiftCompile normal arm64 Compiling\ ContentView.swift /Users/chalizardking/Desktop/ponini/poponi/poni/ContentView.swift (in target 'poni' from project 'poni')
	SwiftCompile normal arm64 /Users/chalizardking/Desktop/ponini/poponi/poni/ContentView.swift (in target 'poni' from project 'poni')
	SwiftCompile normal arm64 Compiling\ RealDataService.swift,\ RaceAnalysisView.swift /Users/chalizardking/Desktop/ponini/poponi/poni/RealDataService.swift /Users/chalizardking/Desktop/ponini/poponi/poni/RaceAnalysisView.swift (in target 'poni' from project 'poni')
	SwiftCompile normal arm64 /Users/chalizardking/Desktop/ponini/poponi/poni/RealDataService.swift (in target 'poni' from project 'poni')
	SwiftCompile normal arm64 /Users/chalizardking/Desktop/ponini/poponi/poni/RaceAnalysisView.swift (in target 'poni' from project 'poni')
	SwiftEmitModule normal arm64 Emitting\ module\ for\ poni (in target 'poni' from project 'poni')
	EmitSwiftModule normal arm64 (in target 'poni' from project 'poni')
	SwiftCompile normal arm64 Compiling\ APITestingView.swift,\ OnboardingView.swift /Users/chalizardking/Desktop/ponini/poponi/poni/APITestingView.swift /Users/chalizardking/Desktop/ponini/poponi/poni/OnboardingView.swift (in target 'poni' from project 'poni')
	SwiftCompile normal arm64 /Users/chalizardking/Desktop/ponini/poponi/poni/OnboardingView.swift (in target 'poni' from project 'poni')
	SwiftCompile normal arm64 Compiling\ DataSourceManager.swift /Users/chalizardking/Desktop/ponini/poponi/poni/DataSourceManager.swift (in target 'poni' from project 'poni')
	SwiftCompile normal arm64 /Users/chalizardking/Desktop/ponini/poponi/poni/DataSourceManager.swift (in target 'poni' from project 'poni')
	SwiftCompile normal arm64 Compiling\ HorseRacingDataService.swift,\ RaceDetailView.swift /Users/chalizardking/Desktop/ponini/poponi/poni/HorseRacingDataService.swift /Users/chalizardking/Desktop/ponini/poponi/poni/Views/RaceDetailView.swift (in target 'poni' from project 'poni')
	SwiftCompile normal arm64 /Users/chalizardking/Desktop/ponini/poponi/poni/Views/RaceDetailView.swift (in target 'poni' from project 'poni')
	Copy /Users/chalizardking/Library/Developer/Xcode/DerivedData/poni-akslzhmljifjeiaguhyradqogade/Build/Products/Debug-iphonesimulator/poni.swiftmodule/arm64-apple-ios-simulator.swiftmodule /Users/chalizardking/Library/Developer/Xcode/DerivedData/poni-akslzhmljifjeiaguhyradqogade/Build/Intermediates.noindex/poni.build/Debug-iphonesimulator/poni.build/Objects-normal/arm64/poni.swiftmodule (in target 'poni' from project 'poni')
	Copy /Users/chalizardking/Library/Developer/Xcode/DerivedData/poni-akslzhmljifjeiaguhyradqogade/Build/Products/Debug-iphonesimulator/poni.swiftmodule/Project/arm64-apple-ios-simulator.swiftsourceinfo /Users/chalizardking/Library/Developer/Xcode/DerivedData/poni-akslzhmljifjeiaguhyradqogade/Build/Intermediates.noindex/poni.build/Debug-iphonesimulator/poni.build/Objects-normal/arm64/poni.swiftsourceinfo (in target 'poni' from project 'poni')
	Copy /Users/chalizardking/Library/Developer/Xcode/DerivedData/poni-akslzhmljifjeiaguhyradqogade/Build/Products/Debug-iphonesimulator/poni.swiftmodule/arm64-apple-ios-simulator.abi.json /Users/chalizardking/Library/Developer/Xcode/DerivedData/poni-akslzhmljifjeiaguhyradqogade/Build/Intermediates.noindex/poni.build/Debug-iphonesimulator/poni.build/Objects-normal/arm64/poni.abi.json (in target 'poni' from project 'poni')
	Copy /Users/chalizardking/Library/Developer/Xcode/DerivedData/poni-akslzhmljifjeiaguhyradqogade/Build/Products/Debug-iphonesimulator/poni.swiftmodule/arm64-apple-ios-simulator.swiftdoc /Users/chalizardking/Library/Developer/Xcode/DerivedData/poni-akslzhmljifjeiaguhyradqogade/Build/Intermediates.noindex/poni.build/Debug-iphonesimulator/poni.build/Objects-normal/arm64/poni.swiftdoc (in target 'poni' from project 'poni')
	Building project poni with scheme poni
(26 failures)
